[2023-07-01T13:59:50.644+0800][0.003s] CardTable entry size: 512
[2023-07-01T13:59:50.644+0800][0.003s] Using G1
[2023-07-01T13:59:50.677+0800][0.037s] Version: 20.0.1+9-29 (release)
[2023-07-01T13:59:50.677+0800][0.037s] CPUs: 10 total, 10 available
[2023-07-01T13:59:50.677+0800][0.037s] Memory: 16384M
[2023-07-01T13:59:50.677+0800][0.037s] Large Page Support: Disabled
[2023-07-01T13:59:50.677+0800][0.037s] NUMA Support: Disabled
[2023-07-01T13:59:50.677+0800][0.037s] Compressed Oops: Enabled (Zero based)
[2023-07-01T13:59:50.677+0800][0.037s] Heap Region Size: 1M
[2023-07-01T13:59:50.677+0800][0.037s] Heap Min Capacity: 512M
[2023-07-01T13:59:50.677+0800][0.037s] Heap Initial Capacity: 512M
[2023-07-01T13:59:50.677+0800][0.037s] Heap Max Capacity: 512M
[2023-07-01T13:59:50.677+0800][0.037s] Pre-touch: Enabled
[2023-07-01T13:59:50.677+0800][0.037s] Parallel Workers: 9
[2023-07-01T13:59:50.677+0800][0.037s] Concurrent Workers: 2
[2023-07-01T13:59:50.677+0800][0.037s] Concurrent Refinement Workers: 9
[2023-07-01T13:59:50.677+0800][0.037s] Periodic GC: Disabled
[2023-07-01T13:59:50.678+0800][0.037s] CDS archive(s) mapped at: [0x0000000800000000-0x0000000800c6c000-0x0000000800c6c000), size 13025280, SharedBaseAddress: 0x0000000800000000, ArchiveRelocationMode: 0.
[2023-07-01T13:59:50.678+0800][0.037s] Compressed class space mapped at: 0x0000000801000000-0x0000000841000000, reserved size: 1073741824
[2023-07-01T13:59:50.678+0800][0.037s] Narrow klass base: 0x0000000800000000, Narrow klass shift: 0, Narrow klass range: 0x100000000
[2023-07-01T13:59:50.930+0800][0.290s] GC(0) Pause Young (Normal) (G1 Evacuation Pause)
[2023-07-01T13:59:50.930+0800][0.290s] GC(0) Using 9 workers of 9 for evacuation
[2023-07-01T13:59:50.932+0800][0.292s] GC(0)   Pre Evacuate Collection Set: 0.1ms
[2023-07-01T13:59:50.932+0800][0.292s] GC(0)   Merge Heap Roots: 0.1ms
[2023-07-01T13:59:50.932+0800][0.292s] GC(0)   Evacuate Collection Set: 1.3ms
[2023-07-01T13:59:50.932+0800][0.292s] GC(0)   Post Evacuate Collection Set: 0.3ms
[2023-07-01T13:59:50.932+0800][0.292s] GC(0)   Other: 0.2ms
[2023-07-01T13:59:50.932+0800][0.292s] GC(0) Eden regions: 29->0(60)
[2023-07-01T13:59:50.932+0800][0.292s] GC(0) Survivor regions: 0->4(4)
[2023-07-01T13:59:50.932+0800][0.292s] GC(0) Old regions: 0->2
[2023-07-01T13:59:50.932+0800][0.292s] GC(0) Archive regions: 2->2
[2023-07-01T13:59:50.932+0800][0.292s] GC(0) Humongous regions: 4->4
[2023-07-01T13:59:50.932+0800][0.292s] GC(0) Metaspace: 10155K(10496K)->10155K(10496K) NonClass: 8967K(9152K)->8967K(9152K) Class: 1188K(1344K)->1188K(1344K)
[2023-07-01T13:59:50.932+0800][0.292s] GC(0) Pause Young (Normal) (G1 Evacuation Pause) 33M->10M(512M) 2.095ms
[2023-07-01T13:59:50.932+0800][0.292s] GC(0) User=0.02s Sys=0.01s Real=0.00s
[2023-07-01T13:59:51.204+0800][0.564s] GC(1) Pause Young (Normal) (G1 Evacuation Pause)
[2023-07-01T13:59:51.204+0800][0.564s] GC(1) Using 9 workers of 9 for evacuation
[2023-07-01T13:59:51.208+0800][0.568s] GC(1)   Pre Evacuate Collection Set: 0.1ms
[2023-07-01T13:59:51.208+0800][0.568s] GC(1)   Merge Heap Roots: 0.1ms
[2023-07-01T13:59:51.208+0800][0.568s] GC(1)   Evacuate Collection Set: 3.1ms
[2023-07-01T13:59:51.208+0800][0.568s] GC(1)   Post Evacuate Collection Set: 0.6ms
[2023-07-01T13:59:51.208+0800][0.568s] GC(1)   Other: 0.0ms
[2023-07-01T13:59:51.208+0800][0.568s] GC(1) Eden regions: 60->0(66)
[2023-07-01T13:59:51.208+0800][0.568s] GC(1) Survivor regions: 4->8(8)
[2023-07-01T13:59:51.208+0800][0.568s] GC(1) Old regions: 2->12
[2023-07-01T13:59:51.208+0800][0.568s] GC(1) Archive regions: 2->2
[2023-07-01T13:59:51.208+0800][0.568s] GC(1) Humongous regions: 4->4
[2023-07-01T13:59:51.208+0800][0.568s] GC(1) Metaspace: 19009K(19392K)->19009K(19392K) NonClass: 16818K(17024K)->16818K(17024K) Class: 2191K(2368K)->2191K(2368K)
[2023-07-01T13:59:51.208+0800][0.568s] GC(1) Pause Young (Normal) (G1 Evacuation Pause) 70M->24M(512M) 3.884ms
[2023-07-01T13:59:51.208+0800][0.568s] GC(1) User=0.03s Sys=0.00s Real=0.00s
[2023-07-01T13:59:51.248+0800][0.608s] GC(2) Pause Young (Concurrent Start) (Metadata GC Threshold)
[2023-07-01T13:59:51.248+0800][0.608s] GC(2) Using 9 workers of 9 for evacuation
[2023-07-01T13:59:51.251+0800][0.611s] GC(2)   Pre Evacuate Collection Set: 0.1ms
[2023-07-01T13:59:51.251+0800][0.611s] GC(2)   Merge Heap Roots: 0.0ms
[2023-07-01T13:59:51.251+0800][0.611s] GC(2)   Evacuate Collection Set: 1.9ms
[2023-07-01T13:59:51.251+0800][0.611s] GC(2)   Post Evacuate Collection Set: 0.4ms
[2023-07-01T13:59:51.251+0800][0.611s] GC(2)   Other: 0.0ms
[2023-07-01T13:59:51.251+0800][0.611s] GC(2) Eden regions: 16->0(89)
[2023-07-01T13:59:51.251+0800][0.611s] GC(2) Survivor regions: 8->5(9)
[2023-07-01T13:59:51.251+0800][0.611s] GC(2) Old regions: 12->16
[2023-07-01T13:59:51.251+0800][0.611s] GC(2) Archive regions: 2->2
[2023-07-01T13:59:51.251+0800][0.611s] GC(2) Humongous regions: 4->4
[2023-07-01T13:59:51.251+0800][0.611s] GC(2) Metaspace: 21147K(21504K)->21147K(21504K) NonClass: 18780K(18944K)->18780K(18944K) Class: 2367K(2560K)->2367K(2560K)
[2023-07-01T13:59:51.251+0800][0.611s] GC(2) Pause Young (Concurrent Start) (Metadata GC Threshold) 40M->25M(512M) 2.715ms
[2023-07-01T13:59:51.251+0800][0.611s] GC(2) User=0.01s Sys=0.00s Real=0.01s
[2023-07-01T13:59:51.251+0800][0.611s] GC(3) Concurrent Mark Cycle
[2023-07-01T13:59:51.251+0800][0.611s] GC(3) Concurrent Scan Root Regions
[2023-07-01T13:59:51.252+0800][0.612s] GC(3) Concurrent Scan Root Regions 0.963ms
[2023-07-01T13:59:51.252+0800][0.612s] GC(3) Concurrent Mark
[2023-07-01T13:59:51.252+0800][0.612s] GC(3) Concurrent Mark From Roots
[2023-07-01T13:59:51.252+0800][0.612s] GC(3) Using 2 workers of 2 for marking
[2023-07-01T13:59:51.255+0800][0.615s] GC(3) Concurrent Mark From Roots 3.250ms
[2023-07-01T13:59:51.255+0800][0.615s] GC(3) Concurrent Preclean
[2023-07-01T13:59:51.255+0800][0.615s] GC(3) Concurrent Preclean 0.024ms
[2023-07-01T13:59:51.256+0800][0.615s] GC(3) Pause Remark
[2023-07-01T13:59:51.257+0800][0.617s] GC(3) Pause Remark 26M->26M(512M) 1.160ms
[2023-07-01T13:59:51.257+0800][0.617s] GC(3) User=0.00s Sys=0.00s Real=0.00s
[2023-07-01T13:59:51.257+0800][0.617s] GC(3) Concurrent Mark 4.604ms
[2023-07-01T13:59:51.257+0800][0.617s] GC(3) Concurrent Rebuild Remembered Sets and Scrub Regions
[2023-07-01T13:59:51.259+0800][0.619s] GC(3) Concurrent Rebuild Remembered Sets and Scrub Regions 2.224ms
[2023-07-01T13:59:51.259+0800][0.619s] GC(3) Pause Cleanup
[2023-07-01T13:59:51.259+0800][0.619s] GC(3) Pause Cleanup 27M->27M(512M) 0.084ms
[2023-07-01T13:59:51.259+0800][0.619s] GC(3) User=0.00s Sys=0.00s Real=0.00s
[2023-07-01T13:59:51.259+0800][0.619s] GC(3) Concurrent Clear Claimed Marks
[2023-07-01T13:59:51.259+0800][0.619s] GC(3) Concurrent Clear Claimed Marks 0.009ms
[2023-07-01T13:59:51.259+0800][0.619s] GC(3) Concurrent Cleanup for Next Mark
[2023-07-01T13:59:51.260+0800][0.619s] GC(3) Concurrent Cleanup for Next Mark 0.268ms
[2023-07-01T13:59:51.260+0800][0.619s] GC(3) Concurrent Mark Cycle 8.397ms
[2023-07-01T13:59:52.228+0800][1.588s] GC(4) Pause Young (Prepare Mixed) (G1 Evacuation Pause)
[2023-07-01T13:59:52.228+0800][1.588s] GC(4) Using 9 workers of 9 for evacuation
[2023-07-01T13:59:52.233+0800][1.593s] GC(4)   Pre Evacuate Collection Set: 0.1ms
[2023-07-01T13:59:52.233+0800][1.593s] GC(4)   Merge Heap Roots: 0.1ms
[2023-07-01T13:59:52.233+0800][1.593s] GC(4)   Evacuate Collection Set: 3.6ms
[2023-07-01T13:59:52.233+0800][1.593s] GC(4)   Post Evacuate Collection Set: 0.4ms
[2023-07-01T13:59:52.233+0800][1.593s] GC(4)   Other: 0.0ms
[2023-07-01T13:59:52.233+0800][1.593s] GC(4) Eden regions: 89->0(295)
[2023-07-01T13:59:52.233+0800][1.593s] GC(4) Survivor regions: 5->12(12)
[2023-07-01T13:59:52.233+0800][1.593s] GC(4) Old regions: 16->20
[2023-07-01T13:59:52.233+0800][1.593s] GC(4) Archive regions: 2->2
[2023-07-01T13:59:52.233+0800][1.593s] GC(4) Humongous regions: 4->4
[2023-07-01T13:59:52.233+0800][1.593s] GC(4) Metaspace: 35983K(36480K)->35983K(36480K) NonClass: 31997K(32256K)->31997K(32256K) Class: 3986K(4224K)->3986K(4224K)
[2023-07-01T13:59:52.233+0800][1.593s] GC(4) Pause Young (Prepare Mixed) (G1 Evacuation Pause) 114M->36M(512M) 4.338ms
[2023-07-01T13:59:52.233+0800][1.593s] GC(4) User=0.03s Sys=0.00s Real=0.01s
[2023-07-01T13:59:52.234+0800][1.594s] GC(5) Pause Young (Mixed) (Metadata GC Threshold)
[2023-07-01T13:59:52.234+0800][1.594s] GC(5) Using 9 workers of 9 for evacuation
[2023-07-01T13:59:52.237+0800][1.597s] GC(5)   Pre Evacuate Collection Set: 0.1ms
[2023-07-01T13:59:52.237+0800][1.597s] GC(5)   Merge Heap Roots: 0.1ms
[2023-07-01T13:59:52.237+0800][1.597s] GC(5)   Evacuate Collection Set: 2.3ms
[2023-07-01T13:59:52.237+0800][1.597s] GC(5)   Post Evacuate Collection Set: 0.3ms
[2023-07-01T13:59:52.237+0800][1.597s] GC(5)   Other: 0.0ms
[2023-07-01T13:59:52.237+0800][1.597s] GC(5) Eden regions: 1->0(293)
[2023-07-01T13:59:52.237+0800][1.597s] GC(5) Survivor regions: 12->14(39)
[2023-07-01T13:59:52.237+0800][1.597s] GC(5) Old regions: 20->20
[2023-07-01T13:59:52.237+0800][1.597s] GC(5) Archive regions: 2->2
[2023-07-01T13:59:52.237+0800][1.597s] GC(5) Humongous regions: 4->4
[2023-07-01T13:59:52.237+0800][1.597s] GC(5) Metaspace: 36031K(36480K)->36031K(36480K) NonClass: 32043K(32256K)->32043K(32256K) Class: 3987K(4224K)->3987K(4224K)
[2023-07-01T13:59:52.237+0800][1.597s] GC(5) Pause Young (Mixed) (Metadata GC Threshold) 37M->37M(512M) 2.842ms
[2023-07-01T13:59:52.237+0800][1.597s] GC(5) User=0.01s Sys=0.00s Real=0.00s
[2023-07-01T13:59:52.247+0800][1.607s] GC(6) Pause Young (Concurrent Start) (Metadata GC Threshold)
[2023-07-01T13:59:52.247+0800][1.607s] GC(6) Using 9 workers of 9 for evacuation
[2023-07-01T13:59:52.250+0800][1.610s] GC(6)   Pre Evacuate Collection Set: 0.1ms
[2023-07-01T13:59:52.250+0800][1.610s] GC(6)   Merge Heap Roots: 0.1ms
[2023-07-01T13:59:52.250+0800][1.610s] GC(6)   Evacuate Collection Set: 2.0ms
[2023-07-01T13:59:52.250+0800][1.610s] GC(6)   Post Evacuate Collection Set: 0.4ms
[2023-07-01T13:59:52.250+0800][1.610s] GC(6)   Other: 0.0ms
[2023-07-01T13:59:52.250+0800][1.610s] GC(6) Eden regions: 3->0(294)
[2023-07-01T13:59:52.250+0800][1.610s] GC(6) Survivor regions: 14->13(39)
[2023-07-01T13:59:52.250+0800][1.610s] GC(6) Old regions: 20->20
[2023-07-01T13:59:52.250+0800][1.610s] GC(6) Archive regions: 2->2
[2023-07-01T13:59:52.250+0800][1.610s] GC(6) Humongous regions: 4->4
[2023-07-01T13:59:52.250+0800][1.610s] GC(6) Metaspace: 36406K(36800K)->36406K(36800K) NonClass: 32387K(32576K)->32387K(32576K) Class: 4018K(4224K)->4018K(4224K)
[2023-07-01T13:59:52.250+0800][1.610s] GC(6) Pause Young (Concurrent Start) (Metadata GC Threshold) 39M->37M(512M) 2.748ms
[2023-07-01T13:59:52.250+0800][1.610s] GC(6) User=0.02s Sys=0.00s Real=0.01s
[2023-07-01T13:59:52.250+0800][1.610s] GC(7) Concurrent Mark Cycle
[2023-07-01T13:59:52.250+0800][1.610s] GC(7) Concurrent Scan Root Regions
[2023-07-01T13:59:52.252+0800][1.611s] GC(7) Concurrent Scan Root Regions 1.648ms
[2023-07-01T13:59:52.252+0800][1.611s] GC(7) Concurrent Mark
[2023-07-01T13:59:52.252+0800][1.611s] GC(7) Concurrent Mark From Roots
[2023-07-01T13:59:52.252+0800][1.611s] GC(7) Using 2 workers of 2 for marking
[2023-07-01T13:59:52.257+0800][1.617s] GC(7) Concurrent Mark From Roots 5.771ms
[2023-07-01T13:59:52.257+0800][1.617s] GC(7) Concurrent Preclean
[2023-07-01T13:59:52.257+0800][1.617s] GC(7) Concurrent Preclean 0.024ms
[2023-07-01T13:59:52.258+0800][1.617s] GC(7) Pause Remark
[2023-07-01T13:59:52.259+0800][1.619s] GC(7) Pause Remark 40M->40M(512M) 1.388ms
[2023-07-01T13:59:52.259+0800][1.619s] GC(7) User=0.01s Sys=0.00s Real=0.00s
[2023-07-01T13:59:52.259+0800][1.619s] GC(7) Concurrent Mark 7.365ms
[2023-07-01T13:59:52.259+0800][1.619s] GC(7) Concurrent Rebuild Remembered Sets and Scrub Regions
[2023-07-01T13:59:52.263+0800][1.623s] GC(7) Concurrent Rebuild Remembered Sets and Scrub Regions 4.365ms
[2023-07-01T13:59:52.263+0800][1.623s] GC(7) Pause Cleanup
[2023-07-01T13:59:52.264+0800][1.623s] GC(7) Pause Cleanup 40M->40M(512M) 0.076ms
[2023-07-01T13:59:52.264+0800][1.623s] GC(7) User=0.00s Sys=0.00s Real=0.00s
[2023-07-01T13:59:52.264+0800][1.623s] GC(7) Concurrent Clear Claimed Marks
[2023-07-01T13:59:52.264+0800][1.623s] GC(7) Concurrent Clear Claimed Marks 0.011ms
[2023-07-01T13:59:52.264+0800][1.623s] GC(7) Concurrent Cleanup for Next Mark
[2023-07-01T13:59:52.264+0800][1.624s] GC(7) Concurrent Cleanup for Next Mark 0.391ms
[2023-07-01T13:59:52.264+0800][1.624s] GC(7) Concurrent Mark Cycle 14.073ms
[2023-07-01T14:00:09.097+0800][18.457s] Heap
[2023-07-01T14:00:09.097+0800][18.457s]  garbage-first heap   total 524288K, used 196812K [0x00000007e0000000, 0x0000000800000000)
[2023-07-01T14:00:09.097+0800][18.457s]   region size 1024K, 167 young (171008K), 13 survivors (13312K)
[2023-07-01T14:00:09.097+0800][18.457s]  Metaspace       used 53277K, committed 53888K, reserved 1114112K
[2023-07-01T14:00:09.097+0800][18.457s]   class space    used 6178K, committed 6464K, reserved 1048576K
