[2023-06-29T15:08:35.083+0800][0.003s] CardTable entry size: 512
[2023-06-29T15:08:35.083+0800][0.004s] Using G1
[2023-06-29T15:08:35.124+0800][0.045s] Version: 20.0.1+9-29 (release)
[2023-06-29T15:08:35.124+0800][0.045s] CPUs: 10 total, 10 available
[2023-06-29T15:08:35.124+0800][0.045s] Memory: 16384M
[2023-06-29T15:08:35.124+0800][0.045s] Large Page Support: Disabled
[2023-06-29T15:08:35.124+0800][0.045s] NUMA Support: Disabled
[2023-06-29T15:08:35.124+0800][0.045s] Compressed Oops: Enabled (Zero based)
[2023-06-29T15:08:35.124+0800][0.045s] Heap Region Size: 1M
[2023-06-29T15:08:35.124+0800][0.045s] Heap Min Capacity: 512M
[2023-06-29T15:08:35.124+0800][0.045s] Heap Initial Capacity: 512M
[2023-06-29T15:08:35.124+0800][0.045s] Heap Max Capacity: 512M
[2023-06-29T15:08:35.124+0800][0.045s] Pre-touch: Enabled
[2023-06-29T15:08:35.124+0800][0.045s] Parallel Workers: 9
[2023-06-29T15:08:35.124+0800][0.045s] Concurrent Workers: 2
[2023-06-29T15:08:35.124+0800][0.045s] Concurrent Refinement Workers: 9
[2023-06-29T15:08:35.124+0800][0.045s] Periodic GC: Disabled
[2023-06-29T15:08:35.125+0800][0.045s] CDS archive(s) mapped at: [0x0000000800000000-0x0000000800c6c000-0x0000000800c6c000), size 13025280, SharedBaseAddress: 0x0000000800000000, ArchiveRelocationMode: 0.
[2023-06-29T15:08:35.125+0800][0.045s] Compressed class space mapped at: 0x0000000801000000-0x0000000841000000, reserved size: 1073741824
[2023-06-29T15:08:35.125+0800][0.045s] Narrow klass base: 0x0000000800000000, Narrow klass shift: 0, Narrow klass range: 0x100000000
[2023-06-29T15:08:35.533+0800][0.453s] GC(0) Pause Young (Normal) (G1 Evacuation Pause)
[2023-06-29T15:08:35.533+0800][0.453s] GC(0) Using 9 workers of 9 for evacuation
[2023-06-29T15:08:35.535+0800][0.455s] GC(0)   Pre Evacuate Collection Set: 0.1ms
[2023-06-29T15:08:35.535+0800][0.455s] GC(0)   Merge Heap Roots: 0.0ms
[2023-06-29T15:08:35.535+0800][0.455s] GC(0)   Evacuate Collection Set: 1.4ms
[2023-06-29T15:08:35.535+0800][0.455s] GC(0)   Post Evacuate Collection Set: 0.2ms
[2023-06-29T15:08:35.535+0800][0.455s] GC(0)   Other: 0.2ms
[2023-06-29T15:08:35.535+0800][0.455s] GC(0) Eden regions: 29->0(60)
[2023-06-29T15:08:35.535+0800][0.455s] GC(0) Survivor regions: 0->4(4)
[2023-06-29T15:08:35.535+0800][0.455s] GC(0) Old regions: 0->3
[2023-06-29T15:08:35.535+0800][0.455s] GC(0) Archive regions: 2->2
[2023-06-29T15:08:35.535+0800][0.455s] GC(0) Humongous regions: 4->4
[2023-06-29T15:08:35.535+0800][0.455s] GC(0) Metaspace: 10138K(10432K)->10138K(10432K) NonClass: 8949K(9088K)->8949K(9088K) Class: 1189K(1344K)->1189K(1344K)
[2023-06-29T15:08:35.535+0800][0.455s] GC(0) Pause Young (Normal) (G1 Evacuation Pause) 33M->11M(512M) 2.119ms
[2023-06-29T15:08:35.535+0800][0.455s] GC(0) User=0.01s Sys=0.00s Real=0.00s
[2023-06-29T15:08:35.813+0800][0.733s] GC(1) Pause Young (Normal) (G1 Evacuation Pause)
[2023-06-29T15:08:35.813+0800][0.733s] GC(1) Using 9 workers of 9 for evacuation
[2023-06-29T15:08:35.816+0800][0.736s] GC(1)   Pre Evacuate Collection Set: 0.1ms
[2023-06-29T15:08:35.816+0800][0.736s] GC(1)   Merge Heap Roots: 0.0ms
[2023-06-29T15:08:35.816+0800][0.736s] GC(1)   Evacuate Collection Set: 2.7ms
[2023-06-29T15:08:35.816+0800][0.736s] GC(1)   Post Evacuate Collection Set: 0.2ms
[2023-06-29T15:08:35.816+0800][0.736s] GC(1)   Other: 0.0ms
[2023-06-29T15:08:35.816+0800][0.736s] GC(1) Eden regions: 60->0(66)
[2023-06-29T15:08:35.816+0800][0.736s] GC(1) Survivor regions: 4->8(8)
[2023-06-29T15:08:35.816+0800][0.736s] GC(1) Old regions: 3->12
[2023-06-29T15:08:35.816+0800][0.736s] GC(1) Archive regions: 2->2
[2023-06-29T15:08:35.816+0800][0.736s] GC(1) Humongous regions: 4->4
[2023-06-29T15:08:35.816+0800][0.736s] GC(1) Metaspace: 19132K(19520K)->19132K(19520K) NonClass: 16928K(17152K)->16928K(17152K) Class: 2204K(2368K)->2204K(2368K)
[2023-06-29T15:08:35.816+0800][0.736s] GC(1) Pause Young (Normal) (G1 Evacuation Pause) 71M->24M(512M) 3.200ms
[2023-06-29T15:08:35.816+0800][0.736s] GC(1) User=0.02s Sys=0.00s Real=0.00s
[2023-06-29T15:08:35.855+0800][0.776s] GC(2) Pause Young (Concurrent Start) (Metadata GC Threshold)
[2023-06-29T15:08:35.855+0800][0.776s] GC(2) Using 9 workers of 9 for evacuation
[2023-06-29T15:08:35.857+0800][0.778s] GC(2)   Pre Evacuate Collection Set: 0.1ms
[2023-06-29T15:08:35.857+0800][0.778s] GC(2)   Merge Heap Roots: 0.0ms
[2023-06-29T15:08:35.857+0800][0.778s] GC(2)   Evacuate Collection Set: 1.6ms
[2023-06-29T15:08:35.857+0800][0.778s] GC(2)   Post Evacuate Collection Set: 0.2ms
[2023-06-29T15:08:35.857+0800][0.778s] GC(2)   Other: 0.0ms
[2023-06-29T15:08:35.857+0800][0.778s] GC(2) Eden regions: 14->0(95)
[2023-06-29T15:08:35.857+0800][0.778s] GC(2) Survivor regions: 8->1(9)
[2023-06-29T15:08:35.857+0800][0.778s] GC(2) Old regions: 12->21
[2023-06-29T15:08:35.857+0800][0.778s] GC(2) Archive regions: 2->2
[2023-06-29T15:08:35.857+0800][0.778s] GC(2) Humongous regions: 4->4
[2023-06-29T15:08:35.857+0800][0.778s] GC(2) Metaspace: 21093K(21504K)->21093K(21504K) NonClass: 18731K(18944K)->18731K(18944K) Class: 2361K(2560K)->2361K(2560K)
[2023-06-29T15:08:35.857+0800][0.778s] GC(2) Pause Young (Concurrent Start) (Metadata GC Threshold) 38M->26M(512M) 2.002ms
[2023-06-29T15:08:35.857+0800][0.778s] GC(3) Concurrent Mark Cycle
[2023-06-29T15:08:35.857+0800][0.778s] GC(2) User=0.01s Sys=0.00s Real=0.00s
[2023-06-29T15:08:35.857+0800][0.778s] GC(3) Concurrent Scan Root Regions
[2023-06-29T15:08:35.858+0800][0.779s] GC(3) Concurrent Scan Root Regions 1.001ms
[2023-06-29T15:08:35.858+0800][0.779s] GC(3) Concurrent Mark
[2023-06-29T15:08:35.858+0800][0.779s] GC(3) Concurrent Mark From Roots
[2023-06-29T15:08:35.858+0800][0.779s] GC(3) Using 2 workers of 2 for marking
[2023-06-29T15:08:35.862+0800][0.782s] GC(3) Concurrent Mark From Roots 3.666ms
[2023-06-29T15:08:35.862+0800][0.782s] GC(3) Concurrent Preclean
[2023-06-29T15:08:35.862+0800][0.782s] GC(3) Concurrent Preclean 0.035ms
[2023-06-29T15:08:35.862+0800][0.783s] GC(3) Pause Remark
[2023-06-29T15:08:35.863+0800][0.783s] GC(3) Pause Remark 28M->28M(512M) 0.947ms
[2023-06-29T15:08:35.863+0800][0.783s] GC(3) User=0.00s Sys=0.01s Real=0.00s
[2023-06-29T15:08:35.863+0800][0.783s] GC(3) Concurrent Mark 4.758ms
[2023-06-29T15:08:35.863+0800][0.783s] GC(3) Concurrent Rebuild Remembered Sets and Scrub Regions
[2023-06-29T15:08:35.866+0800][0.786s] GC(3) Concurrent Rebuild Remembered Sets and Scrub Regions 2.713ms
[2023-06-29T15:08:35.866+0800][0.786s] GC(3) Pause Cleanup
[2023-06-29T15:08:35.866+0800][0.786s] GC(3) Pause Cleanup 28M->28M(512M) 0.054ms
[2023-06-29T15:08:35.866+0800][0.786s] GC(3) User=0.00s Sys=0.00s Real=0.00s
[2023-06-29T15:08:35.866+0800][0.786s] GC(3) Concurrent Clear Claimed Marks
[2023-06-29T15:08:35.866+0800][0.786s] GC(3) Concurrent Clear Claimed Marks 0.011ms
[2023-06-29T15:08:35.866+0800][0.786s] GC(3) Concurrent Cleanup for Next Mark
[2023-06-29T15:08:35.866+0800][0.787s] GC(3) Concurrent Cleanup for Next Mark 0.275ms
[2023-06-29T15:08:35.866+0800][0.787s] GC(3) Concurrent Mark Cycle 8.957ms
[2023-06-29T15:08:37.518+0800][2.438s] GC(4) Pause Young (Prepare Mixed) (G1 Evacuation Pause)
[2023-06-29T15:08:37.518+0800][2.438s] GC(4) Using 9 workers of 9 for evacuation
[2023-06-29T15:08:37.520+0800][2.440s] GC(4)   Pre Evacuate Collection Set: 0.1ms
[2023-06-29T15:08:37.520+0800][2.440s] GC(4)   Merge Heap Roots: 0.0ms
[2023-06-29T15:08:37.520+0800][2.440s] GC(4)   Evacuate Collection Set: 1.8ms
[2023-06-29T15:08:37.520+0800][2.440s] GC(4)   Post Evacuate Collection Set: 0.3ms
[2023-06-29T15:08:37.520+0800][2.440s] GC(4)   Other: 0.0ms
[2023-06-29T15:08:37.520+0800][2.440s] GC(4) Eden regions: 96->0(297)
[2023-06-29T15:08:37.520+0800][2.440s] GC(4) Survivor regions: 1->10(13)
[2023-06-29T15:08:37.520+0800][2.440s] GC(4) Old regions: 21->21
[2023-06-29T15:08:37.520+0800][2.440s] GC(4) Archive regions: 2->2
[2023-06-29T15:08:37.520+0800][2.440s] GC(4) Humongous regions: 4->4
[2023-06-29T15:08:37.520+0800][2.440s] GC(4) Metaspace: 36063K(36480K)->36063K(36480K) NonClass: 32091K(32320K)->32091K(32320K) Class: 3972K(4160K)->3972K(4160K)
[2023-06-29T15:08:37.520+0800][2.440s] GC(4) Pause Young (Prepare Mixed) (G1 Evacuation Pause) 122M->35M(512M) 2.368ms
[2023-06-29T15:08:37.520+0800][2.440s] GC(4) User=0.02s Sys=0.00s Real=0.01s
[2023-06-29T15:08:37.521+0800][2.442s] GC(5) Pause Young (Mixed) (Metadata GC Threshold)
[2023-06-29T15:08:37.521+0800][2.442s] GC(5) Using 9 workers of 9 for evacuation
[2023-06-29T15:08:37.524+0800][2.444s] GC(5)   Pre Evacuate Collection Set: 0.1ms
[2023-06-29T15:08:37.524+0800][2.444s] GC(5)   Merge Heap Roots: 0.0ms
[2023-06-29T15:08:37.524+0800][2.444s] GC(5)   Evacuate Collection Set: 1.8ms
[2023-06-29T15:08:37.524+0800][2.444s] GC(5)   Post Evacuate Collection Set: 0.4ms
[2023-06-29T15:08:37.524+0800][2.444s] GC(5)   Other: 0.0ms
[2023-06-29T15:08:37.524+0800][2.444s] GC(5) Eden regions: 2->0(296)
[2023-06-29T15:08:37.524+0800][2.444s] GC(5) Survivor regions: 10->11(39)
[2023-06-29T15:08:37.524+0800][2.444s] GC(5) Old regions: 21->20
[2023-06-29T15:08:37.524+0800][2.444s] GC(5) Archive regions: 2->2
[2023-06-29T15:08:37.524+0800][2.444s] GC(5) Humongous regions: 4->4
[2023-06-29T15:08:37.524+0800][2.444s] GC(5) Metaspace: 36066K(36480K)->36066K(36480K) NonClass: 32094K(32320K)->32094K(32320K) Class: 3972K(4160K)->3972K(4160K)
[2023-06-29T15:08:37.524+0800][2.444s] GC(5) Pause Young (Mixed) (Metadata GC Threshold) 36M->35M(512M) 2.378ms
[2023-06-29T15:08:37.524+0800][2.444s] GC(5) User=0.02s Sys=0.00s Real=0.00s
[2023-06-29T15:08:37.548+0800][2.468s] GC(6) Pause Young (Concurrent Start) (Metadata GC Threshold)
[2023-06-29T15:08:37.548+0800][2.468s] GC(6) Using 9 workers of 9 for evacuation
[2023-06-29T15:08:37.550+0800][2.470s] GC(6)   Pre Evacuate Collection Set: 0.1ms
[2023-06-29T15:08:37.550+0800][2.470s] GC(6)   Merge Heap Roots: 0.1ms
[2023-06-29T15:08:37.550+0800][2.470s] GC(6)   Evacuate Collection Set: 1.6ms
[2023-06-29T15:08:37.550+0800][2.470s] GC(6)   Post Evacuate Collection Set: 0.3ms
[2023-06-29T15:08:37.550+0800][2.470s] GC(6)   Other: 0.0ms
[2023-06-29T15:08:37.550+0800][2.470s] GC(6) Eden regions: 9->0(294)
[2023-06-29T15:08:37.550+0800][2.470s] GC(6) Survivor regions: 11->13(39)
[2023-06-29T15:08:37.550+0800][2.470s] GC(6) Old regions: 20->20
[2023-06-29T15:08:37.550+0800][2.470s] GC(6) Archive regions: 2->2
[2023-06-29T15:08:37.550+0800][2.470s] GC(6) Humongous regions: 4->4
[2023-06-29T15:08:37.550+0800][2.470s] GC(6) Metaspace: 36339K(36800K)->36339K(36800K) NonClass: 32341K(32576K)->32341K(32576K) Class: 3997K(4224K)->3997K(4224K)
[2023-06-29T15:08:37.550+0800][2.470s] GC(6) Pause Young (Concurrent Start) (Metadata GC Threshold) 43M->37M(512M) 2.204ms
[2023-06-29T15:08:37.550+0800][2.470s] GC(7) Concurrent Mark Cycle
[2023-06-29T15:08:37.550+0800][2.470s] GC(6) User=0.01s Sys=0.00s Real=0.01s
[2023-06-29T15:08:37.550+0800][2.470s] GC(7) Concurrent Scan Root Regions
[2023-06-29T15:08:37.552+0800][2.472s] GC(7) Concurrent Scan Root Regions 1.839ms
[2023-06-29T15:08:37.552+0800][2.472s] GC(7) Concurrent Mark
[2023-06-29T15:08:37.552+0800][2.472s] GC(7) Concurrent Mark From Roots
[2023-06-29T15:08:37.552+0800][2.472s] GC(7) Using 2 workers of 2 for marking
[2023-06-29T15:08:37.557+0800][2.477s] GC(7) Concurrent Mark From Roots 4.843ms
[2023-06-29T15:08:37.557+0800][2.477s] GC(7) Concurrent Preclean
[2023-06-29T15:08:37.557+0800][2.477s] GC(7) Concurrent Preclean 0.020ms
[2023-06-29T15:08:37.557+0800][2.477s] GC(7) Pause Remark
[2023-06-29T15:08:37.558+0800][2.478s] GC(7) Pause Remark 39M->39M(512M) 1.166ms
[2023-06-29T15:08:37.558+0800][2.478s] GC(7) User=0.00s Sys=0.00s Real=0.00s
[2023-06-29T15:08:37.558+0800][2.478s] GC(7) Concurrent Mark 6.131ms
[2023-06-29T15:08:37.558+0800][2.478s] GC(7) Concurrent Rebuild Remembered Sets and Scrub Regions
[2023-06-29T15:08:37.561+0800][2.481s] GC(7) Concurrent Rebuild Remembered Sets and Scrub Regions 2.893ms
[2023-06-29T15:08:37.561+0800][2.481s] GC(7) Pause Cleanup
[2023-06-29T15:08:37.561+0800][2.481s] GC(7) Pause Cleanup 40M->40M(512M) 0.050ms
[2023-06-29T15:08:37.561+0800][2.481s] GC(7) User=0.00s Sys=0.00s Real=0.00s
[2023-06-29T15:08:37.561+0800][2.481s] GC(7) Concurrent Clear Claimed Marks
[2023-06-29T15:08:37.561+0800][2.481s] GC(7) Concurrent Clear Claimed Marks 0.025ms
[2023-06-29T15:08:37.561+0800][2.481s] GC(7) Concurrent Cleanup for Next Mark
[2023-06-29T15:08:37.561+0800][2.482s] GC(7) Concurrent Cleanup for Next Mark 0.215ms
[2023-06-29T15:08:37.561+0800][2.482s] GC(7) Concurrent Mark Cycle 11.331ms
[2023-06-29T15:12:05.320+0800][210.242s] GC(8) Pause Young (Prepare Mixed) (G1 Evacuation Pause)
[2023-06-29T15:12:05.320+0800][210.242s] GC(8) Using 9 workers of 9 for evacuation
[2023-06-29T15:12:05.325+0800][210.247s] GC(8)   Pre Evacuate Collection Set: 0.1ms
[2023-06-29T15:12:05.326+0800][210.247s] GC(8)   Merge Heap Roots: 0.1ms
[2023-06-29T15:12:05.326+0800][210.247s] GC(8)   Evacuate Collection Set: 4.2ms
[2023-06-29T15:12:05.326+0800][210.247s] GC(8)   Post Evacuate Collection Set: 0.6ms
[2023-06-29T15:12:05.326+0800][210.247s] GC(8)   Other: 0.1ms
[2023-06-29T15:12:05.326+0800][210.247s] GC(8) Eden regions: 294->0(279)
[2023-06-29T15:12:05.326+0800][210.247s] GC(8) Survivor regions: 13->28(39)
[2023-06-29T15:12:05.326+0800][210.247s] GC(8) Old regions: 20->20
[2023-06-29T15:12:05.326+0800][210.247s] GC(8) Archive regions: 2->2
[2023-06-29T15:12:05.326+0800][210.247s] GC(8) Humongous regions: 5->4
[2023-06-29T15:12:05.326+0800][210.247s] GC(8) Metaspace: 55619K(56192K)->55619K(56192K) NonClass: 49252K(49536K)->49252K(49536K) Class: 6366K(6656K)->6366K(6656K)
[2023-06-29T15:12:05.326+0800][210.247s] GC(8) Pause Young (Prepare Mixed) (G1 Evacuation Pause) 332M->52M(512M) 5.237ms
[2023-06-29T15:12:05.326+0800][210.247s] GC(8) User=0.03s Sys=0.00s Real=0.00s
[2023-06-29T17:34:20.771+0800][8745.728s] GC(9) Pause Young (Mixed) (G1 Evacuation Pause)
[2023-06-29T17:34:20.771+0800][8745.728s] GC(9) Using 9 workers of 9 for evacuation
[2023-06-29T17:34:20.782+0800][8745.740s] GC(9)   Pre Evacuate Collection Set: 0.1ms
[2023-06-29T17:34:20.782+0800][8745.740s] GC(9)   Merge Heap Roots: 0.0ms
[2023-06-29T17:34:20.782+0800][8745.740s] GC(9)   Evacuate Collection Set: 10.1ms
[2023-06-29T17:34:20.782+0800][8745.740s] GC(9)   Post Evacuate Collection Set: 1.4ms
[2023-06-29T17:34:20.782+0800][8745.740s] GC(9)   Other: 0.0ms
[2023-06-29T17:34:20.782+0800][8745.740s] GC(9) Eden regions: 279->0(283)
[2023-06-29T17:34:20.782+0800][8745.740s] GC(9) Survivor regions: 28->24(39)
[2023-06-29T17:34:20.783+0800][8745.740s] GC(9) Old regions: 20->30
[2023-06-29T17:34:20.783+0800][8745.740s] GC(9) Archive regions: 2->2
[2023-06-29T17:34:20.783+0800][8745.740s] GC(9) Humongous regions: 7->7
[2023-06-29T17:34:20.783+0800][8745.740s] GC(9) Metaspace: 60361K(60928K)->60361K(60928K) NonClass: 53549K(53888K)->53549K(53888K) Class: 6812K(7040K)->6812K(7040K)
[2023-06-29T17:34:20.783+0800][8745.740s] GC(9) Pause Young (Mixed) (G1 Evacuation Pause) 334M->61M(512M) 11.926ms
[2023-06-29T17:34:20.783+0800][8745.740s] GC(9) User=0.04s Sys=0.05s Real=0.01s
[2023-06-29T17:34:20.899+0800][8745.857s] Heap
[2023-06-29T17:34:20.899+0800][8745.857s]  garbage-first heap   total 524288K, used 73830K [0x00000007e0000000, 0x0000000800000000)
[2023-06-29T17:34:20.899+0800][8745.857s]   region size 1024K, 35 young (35840K), 24 survivors (24576K)
[2023-06-29T17:34:20.899+0800][8745.857s]  Metaspace       used 60517K, committed 61120K, reserved 1114112K
[2023-06-29T17:34:20.899+0800][8745.857s]   class space    used 6839K, committed 7104K, reserved 1048576K
