[2023-06-29T17:36:43.352+0800][0.004s] CardTable entry size: 512
[2023-06-29T17:36:43.352+0800][0.004s] Using G1
[2023-06-29T17:36:43.390+0800][0.041s] Version: 20.0.1+9-29 (release)
[2023-06-29T17:36:43.390+0800][0.041s] CPUs: 10 total, 10 available
[2023-06-29T17:36:43.390+0800][0.041s] Memory: 16384M
[2023-06-29T17:36:43.390+0800][0.041s] Large Page Support: Disabled
[2023-06-29T17:36:43.390+0800][0.041s] NUMA Support: Disabled
[2023-06-29T17:36:43.390+0800][0.041s] Compressed Oops: Enabled (Zero based)
[2023-06-29T17:36:43.390+0800][0.041s] Heap Region Size: 1M
[2023-06-29T17:36:43.390+0800][0.041s] Heap Min Capacity: 512M
[2023-06-29T17:36:43.390+0800][0.041s] Heap Initial Capacity: 512M
[2023-06-29T17:36:43.390+0800][0.041s] Heap Max Capacity: 512M
[2023-06-29T17:36:43.390+0800][0.041s] Pre-touch: Enabled
[2023-06-29T17:36:43.390+0800][0.041s] Parallel Workers: 9
[2023-06-29T17:36:43.390+0800][0.041s] Concurrent Workers: 2
[2023-06-29T17:36:43.390+0800][0.041s] Concurrent Refinement Workers: 9
[2023-06-29T17:36:43.390+0800][0.041s] Periodic GC: Disabled
[2023-06-29T17:36:43.390+0800][0.042s] CDS archive(s) mapped at: [0x0000000800000000-0x0000000800c6c000-0x0000000800c6c000), size 13025280, SharedBaseAddress: 0x0000000800000000, ArchiveRelocationMode: 0.
[2023-06-29T17:36:43.390+0800][0.042s] Compressed class space mapped at: 0x0000000801000000-0x0000000841000000, reserved size: 1073741824
[2023-06-29T17:36:43.390+0800][0.042s] Narrow klass base: 0x0000000800000000, Narrow klass shift: 0, Narrow klass range: 0x100000000
[2023-06-29T17:36:43.844+0800][0.496s] GC(0) Pause Young (Normal) (G1 Evacuation Pause)
[2023-06-29T17:36:43.845+0800][0.496s] GC(0) Using 9 workers of 9 for evacuation
[2023-06-29T17:36:43.847+0800][0.498s] GC(0)   Pre Evacuate Collection Set: 0.1ms
[2023-06-29T17:36:43.847+0800][0.498s] GC(0)   Merge Heap Roots: 0.1ms
[2023-06-29T17:36:43.847+0800][0.498s] GC(0)   Evacuate Collection Set: 1.7ms
[2023-06-29T17:36:43.847+0800][0.498s] GC(0)   Post Evacuate Collection Set: 0.2ms
[2023-06-29T17:36:43.847+0800][0.498s] GC(0)   Other: 0.2ms
[2023-06-29T17:36:43.847+0800][0.499s] GC(0) Eden regions: 29->0(60)
[2023-06-29T17:36:43.847+0800][0.499s] GC(0) Survivor regions: 0->4(4)
[2023-06-29T17:36:43.847+0800][0.499s] GC(0) Old regions: 0->3
[2023-06-29T17:36:43.847+0800][0.499s] GC(0) Archive regions: 2->2
[2023-06-29T17:36:43.847+0800][0.499s] GC(0) Humongous regions: 4->4
[2023-06-29T17:36:43.847+0800][0.499s] GC(0) Metaspace: 10148K(10496K)->10148K(10496K) NonClass: 8959K(9152K)->8959K(9152K) Class: 1189K(1344K)->1189K(1344K)
[2023-06-29T17:36:43.847+0800][0.499s] GC(0) Pause Young (Normal) (G1 Evacuation Pause) 33M->11M(512M) 2.448ms
[2023-06-29T17:36:43.847+0800][0.499s] GC(0) User=0.01s Sys=0.01s Real=0.00s
[2023-06-29T17:36:44.123+0800][0.775s] GC(1) Pause Young (Normal) (G1 Evacuation Pause)
[2023-06-29T17:36:44.123+0800][0.775s] GC(1) Using 9 workers of 9 for evacuation
[2023-06-29T17:36:44.127+0800][0.778s] GC(1)   Pre Evacuate Collection Set: 0.1ms
[2023-06-29T17:36:44.127+0800][0.778s] GC(1)   Merge Heap Roots: 0.0ms
[2023-06-29T17:36:44.127+0800][0.778s] GC(1)   Evacuate Collection Set: 3.0ms
[2023-06-29T17:36:44.127+0800][0.778s] GC(1)   Post Evacuate Collection Set: 0.5ms
[2023-06-29T17:36:44.127+0800][0.778s] GC(1)   Other: 0.0ms
[2023-06-29T17:36:44.127+0800][0.778s] GC(1) Eden regions: 60->0(66)
[2023-06-29T17:36:44.127+0800][0.778s] GC(1) Survivor regions: 4->8(8)
[2023-06-29T17:36:44.127+0800][0.778s] GC(1) Old regions: 3->12
[2023-06-29T17:36:44.127+0800][0.778s] GC(1) Archive regions: 2->2
[2023-06-29T17:36:44.127+0800][0.778s] GC(1) Humongous regions: 4->4
[2023-06-29T17:36:44.127+0800][0.778s] GC(1) Metaspace: 19157K(19520K)->19157K(19520K) NonClass: 16952K(17152K)->16952K(17152K) Class: 2204K(2368K)->2204K(2368K)
[2023-06-29T17:36:44.127+0800][0.778s] GC(1) Pause Young (Normal) (G1 Evacuation Pause) 71M->24M(512M) 3.769ms
[2023-06-29T17:36:44.127+0800][0.778s] GC(1) User=0.02s Sys=0.00s Real=0.00s
[2023-06-29T17:36:44.165+0800][0.816s] GC(2) Pause Young (Concurrent Start) (Metadata GC Threshold)
[2023-06-29T17:36:44.165+0800][0.816s] GC(2) Using 9 workers of 9 for evacuation
[2023-06-29T17:36:44.166+0800][0.818s] GC(2)   Pre Evacuate Collection Set: 0.1ms
[2023-06-29T17:36:44.166+0800][0.818s] GC(2)   Merge Heap Roots: 0.0ms
[2023-06-29T17:36:44.166+0800][0.818s] GC(2)   Evacuate Collection Set: 1.2ms
[2023-06-29T17:36:44.166+0800][0.818s] GC(2)   Post Evacuate Collection Set: 0.2ms
[2023-06-29T17:36:44.166+0800][0.818s] GC(2)   Other: 0.0ms
[2023-06-29T17:36:44.166+0800][0.818s] GC(2) Eden regions: 14->0(95)
[2023-06-29T17:36:44.166+0800][0.818s] GC(2) Survivor regions: 8->1(9)
[2023-06-29T17:36:44.166+0800][0.818s] GC(2) Old regions: 12->21
[2023-06-29T17:36:44.166+0800][0.818s] GC(2) Archive regions: 2->2
[2023-06-29T17:36:44.166+0800][0.818s] GC(2) Humongous regions: 4->4
[2023-06-29T17:36:44.166+0800][0.818s] GC(2) Metaspace: 21119K(21504K)->21119K(21504K) NonClass: 18756K(18944K)->18756K(18944K) Class: 2363K(2560K)->2363K(2560K)
[2023-06-29T17:36:44.166+0800][0.818s] GC(2) Pause Young (Concurrent Start) (Metadata GC Threshold) 38M->26M(512M) 1.608ms
[2023-06-29T17:36:44.166+0800][0.818s] GC(3) Concurrent Mark Cycle
[2023-06-29T17:36:44.166+0800][0.818s] GC(2) User=0.01s Sys=0.00s Real=0.00s
[2023-06-29T17:36:44.166+0800][0.818s] GC(3) Concurrent Scan Root Regions
[2023-06-29T17:36:44.167+0800][0.819s] GC(3) Concurrent Scan Root Regions 0.728ms
[2023-06-29T17:36:44.167+0800][0.819s] GC(3) Concurrent Mark
[2023-06-29T17:36:44.167+0800][0.819s] GC(3) Concurrent Mark From Roots
[2023-06-29T17:36:44.167+0800][0.819s] GC(3) Using 2 workers of 2 for marking
[2023-06-29T17:36:44.171+0800][0.822s] GC(3) Concurrent Mark From Roots 3.675ms
[2023-06-29T17:36:44.171+0800][0.822s] GC(3) Concurrent Preclean
[2023-06-29T17:36:44.171+0800][0.822s] GC(3) Concurrent Preclean 0.019ms
[2023-06-29T17:36:44.171+0800][0.823s] GC(3) Pause Remark
[2023-06-29T17:36:44.172+0800][0.823s] GC(3) Pause Remark 28M->28M(512M) 0.768ms
[2023-06-29T17:36:44.172+0800][0.823s] GC(3) User=0.01s Sys=0.00s Real=0.00s
[2023-06-29T17:36:44.172+0800][0.823s] GC(3) Concurrent Mark 4.597ms
[2023-06-29T17:36:44.172+0800][0.823s] GC(3) Concurrent Rebuild Remembered Sets and Scrub Regions
[2023-06-29T17:36:44.174+0800][0.826s] GC(3) Concurrent Rebuild Remembered Sets and Scrub Regions 2.444ms
[2023-06-29T17:36:44.174+0800][0.826s] GC(3) Pause Cleanup
[2023-06-29T17:36:44.174+0800][0.826s] GC(3) Pause Cleanup 29M->29M(512M) 0.070ms
[2023-06-29T17:36:44.174+0800][0.826s] GC(3) User=0.00s Sys=0.00s Real=0.00s
[2023-06-29T17:36:44.174+0800][0.826s] GC(3) Concurrent Clear Claimed Marks
[2023-06-29T17:36:44.174+0800][0.826s] GC(3) Concurrent Clear Claimed Marks 0.016ms
[2023-06-29T17:36:44.174+0800][0.826s] GC(3) Concurrent Cleanup for Next Mark
[2023-06-29T17:36:44.175+0800][0.826s] GC(3) Concurrent Cleanup for Next Mark 0.284ms
[2023-06-29T17:36:44.175+0800][0.826s] GC(3) Concurrent Mark Cycle 8.377ms
[2023-06-29T17:36:45.211+0800][1.863s] GC(4) Pause Young (Prepare Mixed) (G1 Evacuation Pause)
[2023-06-29T17:36:45.211+0800][1.863s] GC(4) Using 9 workers of 9 for evacuation
[2023-06-29T17:36:45.214+0800][1.865s] GC(4)   Pre Evacuate Collection Set: 0.1ms
[2023-06-29T17:36:45.214+0800][1.865s] GC(4)   Merge Heap Roots: 0.1ms
[2023-06-29T17:36:45.214+0800][1.865s] GC(4)   Evacuate Collection Set: 2.0ms
[2023-06-29T17:36:45.214+0800][1.865s] GC(4)   Post Evacuate Collection Set: 0.3ms
[2023-06-29T17:36:45.214+0800][1.865s] GC(4)   Other: 0.0ms
[2023-06-29T17:36:45.214+0800][1.865s] GC(4) Eden regions: 96->0(295)
[2023-06-29T17:36:45.214+0800][1.865s] GC(4) Survivor regions: 1->12(13)
[2023-06-29T17:36:45.214+0800][1.865s] GC(4) Old regions: 21->21
[2023-06-29T17:36:45.214+0800][1.865s] GC(4) Archive regions: 2->2
[2023-06-29T17:36:45.214+0800][1.865s] GC(4) Humongous regions: 4->4
[2023-06-29T17:36:45.214+0800][1.865s] GC(4) Metaspace: 35893K(36352K)->35893K(36352K) NonClass: 31925K(32192K)->31925K(32192K) Class: 3967K(4160K)->3967K(4160K)
[2023-06-29T17:36:45.214+0800][1.865s] GC(4) Pause Young (Prepare Mixed) (G1 Evacuation Pause) 122M->37M(512M) 2.713ms
[2023-06-29T17:36:45.214+0800][1.865s] GC(4) User=0.02s Sys=0.00s Real=0.00s
[2023-06-29T17:36:45.218+0800][1.870s] GC(5) Pause Young (Mixed) (Metadata GC Threshold)
[2023-06-29T17:36:45.218+0800][1.870s] GC(5) Using 9 workers of 9 for evacuation
[2023-06-29T17:36:45.220+0800][1.872s] GC(5)   Pre Evacuate Collection Set: 0.1ms
[2023-06-29T17:36:45.220+0800][1.872s] GC(5)   Merge Heap Roots: 0.1ms
[2023-06-29T17:36:45.220+0800][1.872s] GC(5)   Evacuate Collection Set: 1.9ms
[2023-06-29T17:36:45.220+0800][1.872s] GC(5)   Post Evacuate Collection Set: 0.2ms
[2023-06-29T17:36:45.220+0800][1.872s] GC(5)   Other: 0.0ms
[2023-06-29T17:36:45.220+0800][1.872s] GC(5) Eden regions: 2->0(295)
[2023-06-29T17:36:45.220+0800][1.872s] GC(5) Survivor regions: 12->12(39)
[2023-06-29T17:36:45.220+0800][1.872s] GC(5) Old regions: 21->21
[2023-06-29T17:36:45.220+0800][1.872s] GC(5) Archive regions: 2->2
[2023-06-29T17:36:45.220+0800][1.872s] GC(5) Humongous regions: 4->4
[2023-06-29T17:36:45.220+0800][1.872s] GC(5) Metaspace: 36008K(36480K)->36008K(36480K) NonClass: 32030K(32256K)->32030K(32256K) Class: 3978K(4224K)->3978K(4224K)
[2023-06-29T17:36:45.220+0800][1.872s] GC(5) Pause Young (Mixed) (Metadata GC Threshold) 38M->37M(512M) 2.348ms
[2023-06-29T17:36:45.220+0800][1.872s] GC(5) User=0.02s Sys=0.01s Real=0.01s
[2023-06-29T17:36:45.230+0800][1.882s] GC(6) Pause Young (Concurrent Start) (Metadata GC Threshold)
[2023-06-29T17:36:45.230+0800][1.882s] GC(6) Using 9 workers of 9 for evacuation
[2023-06-29T17:36:45.233+0800][1.884s] GC(6)   Pre Evacuate Collection Set: 0.1ms
[2023-06-29T17:36:45.233+0800][1.884s] GC(6)   Merge Heap Roots: 0.0ms
[2023-06-29T17:36:45.233+0800][1.884s] GC(6)   Evacuate Collection Set: 1.8ms
[2023-06-29T17:36:45.233+0800][1.884s] GC(6)   Post Evacuate Collection Set: 0.2ms
[2023-06-29T17:36:45.233+0800][1.884s] GC(6)   Other: 0.0ms
[2023-06-29T17:36:45.233+0800][1.884s] GC(6) Eden regions: 3->0(295)
[2023-06-29T17:36:45.233+0800][1.884s] GC(6) Survivor regions: 12->12(39)
[2023-06-29T17:36:45.233+0800][1.884s] GC(6) Old regions: 21->21
[2023-06-29T17:36:45.233+0800][1.884s] GC(6) Archive regions: 2->2
[2023-06-29T17:36:45.233+0800][1.884s] GC(6) Humongous regions: 4->4
[2023-06-29T17:36:45.233+0800][1.884s] GC(6) Metaspace: 36391K(36800K)->36391K(36800K) NonClass: 32377K(32576K)->32377K(32576K) Class: 4014K(4224K)->4014K(4224K)
[2023-06-29T17:36:45.233+0800][1.884s] GC(6) Pause Young (Concurrent Start) (Metadata GC Threshold) 40M->37M(512M) 2.272ms
[2023-06-29T17:36:45.233+0800][1.884s] GC(7) Concurrent Mark Cycle
[2023-06-29T17:36:45.233+0800][1.884s] GC(6) User=0.01s Sys=0.00s Real=0.00s
[2023-06-29T17:36:45.233+0800][1.884s] GC(7) Concurrent Scan Root Regions
[2023-06-29T17:36:45.234+0800][1.886s] GC(7) Concurrent Scan Root Regions 1.848ms
[2023-06-29T17:36:45.234+0800][1.886s] GC(7) Concurrent Mark
[2023-06-29T17:36:45.235+0800][1.886s] GC(7) Concurrent Mark From Roots
[2023-06-29T17:36:45.235+0800][1.886s] GC(7) Using 2 workers of 2 for marking
[2023-06-29T17:36:45.239+0800][1.891s] GC(7) Concurrent Mark From Roots 4.843ms
[2023-06-29T17:36:45.239+0800][1.891s] GC(7) Concurrent Preclean
[2023-06-29T17:36:45.239+0800][1.891s] GC(7) Concurrent Preclean 0.020ms
[2023-06-29T17:36:45.239+0800][1.891s] GC(7) Pause Remark
[2023-06-29T17:36:45.241+0800][1.892s] GC(7) Pause Remark 39M->39M(512M) 1.195ms
[2023-06-29T17:36:45.241+0800][1.892s] GC(7) User=0.01s Sys=0.00s Real=0.01s
[2023-06-29T17:36:45.241+0800][1.892s] GC(7) Concurrent Mark 6.162ms
[2023-06-29T17:36:45.241+0800][1.892s] GC(7) Concurrent Rebuild Remembered Sets and Scrub Regions
[2023-06-29T17:36:45.244+0800][1.896s] GC(7) Concurrent Rebuild Remembered Sets and Scrub Regions 3.642ms
[2023-06-29T17:36:45.244+0800][1.896s] GC(7) Pause Cleanup
[2023-06-29T17:36:45.244+0800][1.896s] GC(7) Pause Cleanup 40M->40M(512M) 0.070ms
[2023-06-29T17:36:45.244+0800][1.896s] GC(7) User=0.00s Sys=0.00s Real=0.00s
[2023-06-29T17:36:45.244+0800][1.896s] GC(7) Concurrent Clear Claimed Marks
[2023-06-29T17:36:45.245+0800][1.896s] GC(7) Concurrent Clear Claimed Marks 0.029ms
[2023-06-29T17:36:45.245+0800][1.896s] GC(7) Concurrent Cleanup for Next Mark
[2023-06-29T17:36:45.245+0800][1.896s] GC(7) Concurrent Cleanup for Next Mark 0.208ms
[2023-06-29T17:36:45.245+0800][1.896s] GC(7) Concurrent Mark Cycle 12.112ms
[2023-06-29T18:40:15.781+0800][3812.436s] Heap
[2023-06-29T18:40:15.781+0800][3812.436s]  garbage-first heap   total 524288K, used 330722K [0x00000007e0000000, 0x0000000800000000)
[2023-06-29T18:40:15.781+0800][3812.436s]   region size 1024K, 294 young (301056K), 12 survivors (12288K)
[2023-06-29T18:40:15.781+0800][3812.436s]  Metaspace       used 58249K, committed 58816K, reserved 1114112K
[2023-06-29T18:40:15.781+0800][3812.436s]   class space    used 6609K, committed 6848K, reserved 1048576K
