[2023-07-01T14:23:12.054+0800][0.004s] CardTable entry size: 512
[2023-07-01T14:23:12.054+0800][0.004s] Using G1
[2023-07-01T14:23:12.090+0800][0.040s] Version: 20.0.1+9-29 (release)
[2023-07-01T14:23:12.090+0800][0.040s] CPUs: 10 total, 10 available
[2023-07-01T14:23:12.090+0800][0.040s] Memory: 16384M
[2023-07-01T14:23:12.090+0800][0.040s] Large Page Support: Disabled
[2023-07-01T14:23:12.090+0800][0.040s] NUMA Support: Disabled
[2023-07-01T14:23:12.090+0800][0.040s] Compressed Oops: Enabled (Zero based)
[2023-07-01T14:23:12.090+0800][0.040s] Heap Region Size: 1M
[2023-07-01T14:23:12.090+0800][0.040s] Heap Min Capacity: 512M
[2023-07-01T14:23:12.090+0800][0.040s] Heap Initial Capacity: 512M
[2023-07-01T14:23:12.090+0800][0.040s] Heap Max Capacity: 512M
[2023-07-01T14:23:12.090+0800][0.040s] Pre-touch: Enabled
[2023-07-01T14:23:12.090+0800][0.040s] Parallel Workers: 9
[2023-07-01T14:23:12.090+0800][0.040s] Concurrent Workers: 2
[2023-07-01T14:23:12.090+0800][0.040s] Concurrent Refinement Workers: 9
[2023-07-01T14:23:12.090+0800][0.040s] Periodic GC: Disabled
[2023-07-01T14:23:12.090+0800][0.040s] CDS archive(s) mapped at: [0x0000000800000000-0x0000000800c6c000-0x0000000800c6c000), size 13025280, SharedBaseAddress: 0x0000000800000000, ArchiveRelocationMode: 0.
[2023-07-01T14:23:12.090+0800][0.040s] Compressed class space mapped at: 0x0000000801000000-0x0000000841000000, reserved size: 1073741824
[2023-07-01T14:23:12.090+0800][0.040s] Narrow klass base: 0x0000000800000000, Narrow klass shift: 0, Narrow klass range: 0x100000000
[2023-07-01T14:23:12.352+0800][0.302s] GC(0) Pause Young (Normal) (G1 Evacuation Pause)
[2023-07-01T14:23:12.353+0800][0.303s] GC(0) Using 9 workers of 9 for evacuation
[2023-07-01T14:23:12.354+0800][0.304s] GC(0)   Pre Evacuate Collection Set: 0.1ms
[2023-07-01T14:23:12.354+0800][0.304s] GC(0)   Merge Heap Roots: 0.1ms
[2023-07-01T14:23:12.354+0800][0.304s] GC(0)   Evacuate Collection Set: 1.2ms
[2023-07-01T14:23:12.354+0800][0.304s] GC(0)   Post Evacuate Collection Set: 0.2ms
[2023-07-01T14:23:12.354+0800][0.304s] GC(0)   Other: 0.2ms
[2023-07-01T14:23:12.354+0800][0.304s] GC(0) Eden regions: 29->0(60)
[2023-07-01T14:23:12.354+0800][0.304s] GC(0) Survivor regions: 0->4(4)
[2023-07-01T14:23:12.354+0800][0.304s] GC(0) Old regions: 0->2
[2023-07-01T14:23:12.354+0800][0.304s] GC(0) Archive regions: 2->2
[2023-07-01T14:23:12.354+0800][0.304s] GC(0) Humongous regions: 4->4
[2023-07-01T14:23:12.354+0800][0.304s] GC(0) Metaspace: 10152K(10432K)->10152K(10432K) NonClass: 8965K(9152K)->8965K(9152K) Class: 1186K(1280K)->1186K(1280K)
[2023-07-01T14:23:12.354+0800][0.304s] GC(0) Pause Young (Normal) (G1 Evacuation Pause) 33M->10M(512M) 1.974ms
[2023-07-01T14:23:12.354+0800][0.304s] GC(0) User=0.01s Sys=0.01s Real=0.00s
[2023-07-01T14:23:12.627+0800][0.577s] GC(1) Pause Young (Normal) (G1 Evacuation Pause)
[2023-07-01T14:23:12.627+0800][0.577s] GC(1) Using 9 workers of 9 for evacuation
[2023-07-01T14:23:12.631+0800][0.581s] GC(1)   Pre Evacuate Collection Set: 0.1ms
[2023-07-01T14:23:12.631+0800][0.581s] GC(1)   Merge Heap Roots: 0.1ms
[2023-07-01T14:23:12.631+0800][0.581s] GC(1)   Evacuate Collection Set: 3.1ms
[2023-07-01T14:23:12.631+0800][0.581s] GC(1)   Post Evacuate Collection Set: 0.6ms
[2023-07-01T14:23:12.631+0800][0.581s] GC(1)   Other: 0.0ms
[2023-07-01T14:23:12.631+0800][0.581s] GC(1) Eden regions: 60->0(65)
[2023-07-01T14:23:12.631+0800][0.581s] GC(1) Survivor regions: 4->8(8)
[2023-07-01T14:23:12.631+0800][0.581s] GC(1) Old regions: 2->12
[2023-07-01T14:23:12.631+0800][0.581s] GC(1) Archive regions: 2->2
[2023-07-01T14:23:12.631+0800][0.581s] GC(1) Humongous regions: 4->4
[2023-07-01T14:23:12.631+0800][0.581s] GC(1) Metaspace: 19037K(19456K)->19037K(19456K) NonClass: 16848K(17088K)->16848K(17088K) Class: 2188K(2368K)->2188K(2368K)
[2023-07-01T14:23:12.631+0800][0.581s] GC(1) Pause Young (Normal) (G1 Evacuation Pause) 70M->24M(512M) 4.081ms
[2023-07-01T14:23:12.631+0800][0.581s] GC(1) User=0.03s Sys=0.00s Real=0.01s
[2023-07-01T14:23:12.672+0800][0.622s] GC(2) Pause Young (Concurrent Start) (Metadata GC Threshold)
[2023-07-01T14:23:12.672+0800][0.622s] GC(2) Using 9 workers of 9 for evacuation
[2023-07-01T14:23:12.674+0800][0.624s] GC(2)   Pre Evacuate Collection Set: 0.1ms
[2023-07-01T14:23:12.674+0800][0.624s] GC(2)   Merge Heap Roots: 0.1ms
[2023-07-01T14:23:12.674+0800][0.624s] GC(2)   Evacuate Collection Set: 1.7ms
[2023-07-01T14:23:12.674+0800][0.624s] GC(2)   Post Evacuate Collection Set: 0.3ms
[2023-07-01T14:23:12.674+0800][0.624s] GC(2)   Other: 0.0ms
[2023-07-01T14:23:12.674+0800][0.624s] GC(2) Eden regions: 16->0(95)
[2023-07-01T14:23:12.674+0800][0.624s] GC(2) Survivor regions: 8->1(9)
[2023-07-01T14:23:12.674+0800][0.624s] GC(2) Old regions: 12->20
[2023-07-01T14:23:12.674+0800][0.624s] GC(2) Archive regions: 2->2
[2023-07-01T14:23:12.674+0800][0.624s] GC(2) Humongous regions: 4->4
[2023-07-01T14:23:12.674+0800][0.624s] GC(2) Metaspace: 21107K(21504K)->21107K(21504K) NonClass: 18746K(18944K)->18746K(18944K) Class: 2361K(2560K)->2361K(2560K)
[2023-07-01T14:23:12.674+0800][0.624s] GC(2) Pause Young (Concurrent Start) (Metadata GC Threshold) 40M->25M(512M) 2.302ms
[2023-07-01T14:23:12.674+0800][0.624s] GC(2) User=0.01s Sys=0.00s Real=0.00s
[2023-07-01T14:23:12.674+0800][0.624s] GC(3) Concurrent Mark Cycle
[2023-07-01T14:23:12.674+0800][0.624s] GC(3) Concurrent Scan Root Regions
[2023-07-01T14:23:12.675+0800][0.625s] GC(3) Concurrent Scan Root Regions 0.940ms
[2023-07-01T14:23:12.675+0800][0.625s] GC(3) Concurrent Mark
[2023-07-01T14:23:12.675+0800][0.625s] GC(3) Concurrent Mark From Roots
[2023-07-01T14:23:12.675+0800][0.625s] GC(3) Using 2 workers of 2 for marking
[2023-07-01T14:23:12.679+0800][0.629s] GC(3) Concurrent Mark From Roots 3.806ms
[2023-07-01T14:23:12.679+0800][0.629s] GC(3) Concurrent Preclean
[2023-07-01T14:23:12.679+0800][0.629s] GC(3) Concurrent Preclean 0.022ms
[2023-07-01T14:23:12.679+0800][0.629s] GC(3) Pause Remark
[2023-07-01T14:23:12.680+0800][0.630s] GC(3) Pause Remark 27M->27M(512M) 0.914ms
[2023-07-01T14:23:12.680+0800][0.630s] GC(3) User=0.00s Sys=0.00s Real=0.01s
[2023-07-01T14:23:12.680+0800][0.630s] GC(3) Concurrent Mark 4.893ms
[2023-07-01T14:23:12.680+0800][0.630s] GC(3) Concurrent Rebuild Remembered Sets and Scrub Regions
[2023-07-01T14:23:12.682+0800][0.633s] GC(3) Concurrent Rebuild Remembered Sets and Scrub Regions 2.651ms
[2023-07-01T14:23:12.683+0800][0.633s] GC(3) Pause Cleanup
[2023-07-01T14:23:12.683+0800][0.633s] GC(3) Pause Cleanup 28M->28M(512M) 0.078ms
[2023-07-01T14:23:12.683+0800][0.633s] GC(3) User=0.00s Sys=0.00s Real=0.00s
[2023-07-01T14:23:12.683+0800][0.633s] GC(3) Concurrent Clear Claimed Marks
[2023-07-01T14:23:12.683+0800][0.633s] GC(3) Concurrent Clear Claimed Marks 0.014ms
[2023-07-01T14:23:12.683+0800][0.633s] GC(3) Concurrent Cleanup for Next Mark
[2023-07-01T14:23:12.683+0800][0.633s] GC(3) Concurrent Cleanup for Next Mark 0.299ms
[2023-07-01T14:23:12.683+0800][0.633s] GC(3) Concurrent Mark Cycle 9.076ms
[2023-07-01T14:23:13.702+0800][1.653s] GC(4) Pause Young (Prepare Mixed) (Metadata GC Threshold)
[2023-07-01T14:23:13.703+0800][1.653s] GC(4) Using 9 workers of 9 for evacuation
[2023-07-01T14:23:13.705+0800][1.656s] GC(4)   Pre Evacuate Collection Set: 0.1ms
[2023-07-01T14:23:13.705+0800][1.656s] GC(4)   Merge Heap Roots: 0.1ms
[2023-07-01T14:23:13.706+0800][1.656s] GC(4)   Evacuate Collection Set: 2.3ms
[2023-07-01T14:23:13.706+0800][1.656s] GC(4)   Post Evacuate Collection Set: 0.4ms
[2023-07-01T14:23:13.706+0800][1.656s] GC(4)   Other: 0.0ms
[2023-07-01T14:23:13.706+0800][1.656s] GC(4) Eden regions: 95->0(295)
[2023-07-01T14:23:13.706+0800][1.656s] GC(4) Survivor regions: 1->12(13)
[2023-07-01T14:23:13.706+0800][1.656s] GC(4) Old regions: 20->20
[2023-07-01T14:23:13.706+0800][1.656s] GC(4) Archive regions: 2->2
[2023-07-01T14:23:13.706+0800][1.656s] GC(4) Humongous regions: 4->4
[2023-07-01T14:23:13.706+0800][1.656s] GC(4) Metaspace: 36053K(36480K)->36053K(36480K) NonClass: 32067K(32256K)->32067K(32256K) Class: 3985K(4224K)->3985K(4224K)
[2023-07-01T14:23:13.706+0800][1.656s] GC(4) Pause Young (Prepare Mixed) (Metadata GC Threshold) 120M->36M(512M) 3.058ms
[2023-07-01T14:23:13.706+0800][1.656s] GC(4) User=0.02s Sys=0.01s Real=0.00s
[2023-07-01T14:23:13.714+0800][1.664s] GC(5) Pause Young (Mixed) (Metadata GC Threshold)
[2023-07-01T14:23:13.714+0800][1.664s] GC(5) Using 9 workers of 9 for evacuation
[2023-07-01T14:23:13.716+0800][1.666s] GC(5)   Pre Evacuate Collection Set: 0.1ms
[2023-07-01T14:23:13.716+0800][1.666s] GC(5)   Merge Heap Roots: 0.1ms
[2023-07-01T14:23:13.716+0800][1.666s] GC(5)   Evacuate Collection Set: 1.7ms
[2023-07-01T14:23:13.716+0800][1.666s] GC(5)   Post Evacuate Collection Set: 0.3ms
[2023-07-01T14:23:13.716+0800][1.666s] GC(5)   Other: 0.0ms
[2023-07-01T14:23:13.716+0800][1.666s] GC(5) Eden regions: 3->0(295)
[2023-07-01T14:23:13.716+0800][1.666s] GC(5) Survivor regions: 12->12(39)
[2023-07-01T14:23:13.716+0800][1.666s] GC(5) Old regions: 20->20
[2023-07-01T14:23:13.716+0800][1.666s] GC(5) Archive regions: 2->2
[2023-07-01T14:23:13.716+0800][1.666s] GC(5) Humongous regions: 4->4
[2023-07-01T14:23:13.716+0800][1.666s] GC(5) Metaspace: 36359K(36800K)->36359K(36800K) NonClass: 32346K(32576K)->32346K(32576K) Class: 4013K(4224K)->4013K(4224K)
[2023-07-01T14:23:13.716+0800][1.666s] GC(5) Pause Young (Mixed) (Metadata GC Threshold) 38M->36M(512M) 2.347ms
[2023-07-01T14:23:13.716+0800][1.666s] GC(5) User=0.02s Sys=0.00s Real=0.00s
[2023-07-01T14:23:13.725+0800][1.675s] GC(6) Pause Young (Concurrent Start) (Metadata GC Threshold)
[2023-07-01T14:23:13.725+0800][1.675s] GC(6) Using 9 workers of 9 for evacuation
[2023-07-01T14:23:13.727+0800][1.677s] GC(6)   Pre Evacuate Collection Set: 0.1ms
[2023-07-01T14:23:13.727+0800][1.677s] GC(6)   Merge Heap Roots: 0.0ms
[2023-07-01T14:23:13.727+0800][1.677s] GC(6)   Evacuate Collection Set: 1.7ms
[2023-07-01T14:23:13.727+0800][1.677s] GC(6)   Post Evacuate Collection Set: 0.3ms
[2023-07-01T14:23:13.727+0800][1.677s] GC(6)   Other: 0.0ms
[2023-07-01T14:23:13.727+0800][1.677s] GC(6) Eden regions: 3->0(294)
[2023-07-01T14:23:13.727+0800][1.677s] GC(6) Survivor regions: 12->13(39)
[2023-07-01T14:23:13.727+0800][1.677s] GC(6) Old regions: 20->20
[2023-07-01T14:23:13.727+0800][1.677s] GC(6) Archive regions: 2->2
[2023-07-01T14:23:13.727+0800][1.677s] GC(6) Humongous regions: 4->4
[2023-07-01T14:23:13.727+0800][1.677s] GC(6) Metaspace: 36691K(37120K)->36691K(37120K) NonClass: 32645K(32832K)->32645K(32832K) Class: 4045K(4288K)->4045K(4288K)
[2023-07-01T14:23:13.727+0800][1.677s] GC(6) Pause Young (Concurrent Start) (Metadata GC Threshold) 39M->37M(512M) 2.264ms
[2023-07-01T14:23:13.727+0800][1.677s] GC(6) User=0.02s Sys=0.00s Real=0.00s
[2023-07-01T14:23:13.727+0800][1.677s] GC(7) Concurrent Mark Cycle
[2023-07-01T14:23:13.727+0800][1.677s] GC(7) Concurrent Scan Root Regions
[2023-07-01T14:23:13.729+0800][1.679s] GC(7) Concurrent Scan Root Regions 1.887ms
[2023-07-01T14:23:13.729+0800][1.679s] GC(7) Concurrent Mark
[2023-07-01T14:23:13.729+0800][1.679s] GC(7) Concurrent Mark From Roots
[2023-07-01T14:23:13.729+0800][1.679s] GC(7) Using 2 workers of 2 for marking
[2023-07-01T14:23:13.734+0800][1.684s] GC(7) Concurrent Mark From Roots 5.049ms
[2023-07-01T14:23:13.734+0800][1.684s] GC(7) Concurrent Preclean
[2023-07-01T14:23:13.734+0800][1.685s] GC(7) Concurrent Preclean 0.041ms
[2023-07-01T14:23:13.735+0800][1.685s] GC(7) Pause Remark
[2023-07-01T14:23:13.736+0800][1.686s] GC(7) Pause Remark 39M->39M(512M) 1.471ms
[2023-07-01T14:23:13.736+0800][1.686s] GC(7) User=0.01s Sys=0.01s Real=0.00s
[2023-07-01T14:23:13.736+0800][1.686s] GC(7) Concurrent Mark 6.750ms
[2023-07-01T14:23:13.736+0800][1.686s] GC(7) Concurrent Rebuild Remembered Sets and Scrub Regions
[2023-07-01T14:23:13.739+0800][1.689s] GC(7) Concurrent Rebuild Remembered Sets and Scrub Regions 3.142ms
[2023-07-01T14:23:13.739+0800][1.689s] GC(7) Pause Cleanup
[2023-07-01T14:23:13.739+0800][1.690s] GC(7) Pause Cleanup 40M->40M(512M) 0.106ms
[2023-07-01T14:23:13.740+0800][1.690s] GC(7) User=0.00s Sys=0.00s Real=0.01s
[2023-07-01T14:23:13.740+0800][1.690s] GC(7) Concurrent Clear Claimed Marks
[2023-07-01T14:23:13.740+0800][1.690s] GC(7) Concurrent Clear Claimed Marks 0.010ms
[2023-07-01T14:23:13.740+0800][1.690s] GC(7) Concurrent Cleanup for Next Mark
[2023-07-01T14:23:13.740+0800][1.690s] GC(7) Concurrent Cleanup for Next Mark 0.388ms
[2023-07-01T14:23:13.740+0800][1.690s] GC(7) Concurrent Mark Cycle 12.518ms
[2023-07-01T15:29:39.270+0800][3987.242s] Heap
[2023-07-01T15:29:39.270+0800][3987.242s]  garbage-first heap   total 524288K, used 298113K [0x00000007e0000000, 0x0000000800000000)
[2023-07-01T15:29:39.270+0800][3987.242s]   region size 1024K, 264 young (270336K), 13 survivors (13312K)
[2023-07-01T15:29:39.270+0800][3987.242s]  Metaspace       used 57843K, committed 58432K, reserved 1114112K
[2023-07-01T15:29:39.270+0800][3987.242s]   class space    used 6578K, committed 6848K, reserved 1048576K
