[2023-07-01T15:29:49.504+0800][0.004s] CardTable entry size: 512
[2023-07-01T15:29:49.504+0800][0.004s] Using G1
[2023-07-01T15:29:49.541+0800][0.041s] Version: 20.0.1+9-29 (release)
[2023-07-01T15:29:49.541+0800][0.041s] CPUs: 10 total, 10 available
[2023-07-01T15:29:49.541+0800][0.041s] Memory: 16384M
[2023-07-01T15:29:49.541+0800][0.041s] Large Page Support: Disabled
[2023-07-01T15:29:49.541+0800][0.041s] NUMA Support: Disabled
[2023-07-01T15:29:49.541+0800][0.041s] Compressed Oops: Enabled (Zero based)
[2023-07-01T15:29:49.541+0800][0.041s] Heap Region Size: 1M
[2023-07-01T15:29:49.541+0800][0.041s] Heap Min Capacity: 512M
[2023-07-01T15:29:49.541+0800][0.041s] Heap Initial Capacity: 512M
[2023-07-01T15:29:49.541+0800][0.041s] Heap Max Capacity: 512M
[2023-07-01T15:29:49.541+0800][0.041s] Pre-touch: Enabled
[2023-07-01T15:29:49.541+0800][0.041s] Parallel Workers: 9
[2023-07-01T15:29:49.541+0800][0.041s] Concurrent Workers: 2
[2023-07-01T15:29:49.541+0800][0.041s] Concurrent Refinement Workers: 9
[2023-07-01T15:29:49.541+0800][0.041s] Periodic GC: Disabled
[2023-07-01T15:29:49.541+0800][0.041s] CDS archive(s) mapped at: [0x0000000800000000-0x0000000800c6c000-0x0000000800c6c000), size 13025280, SharedBaseAddress: 0x0000000800000000, ArchiveRelocationMode: 0.
[2023-07-01T15:29:49.541+0800][0.041s] Compressed class space mapped at: 0x0000000801000000-0x0000000841000000, reserved size: 1073741824
[2023-07-01T15:29:49.541+0800][0.041s] Narrow klass base: 0x0000000800000000, Narrow klass shift: 0, Narrow klass range: 0x100000000
[2023-07-01T15:29:50.040+0800][0.540s] GC(0) Pause Young (Normal) (G1 Evacuation Pause)
[2023-07-01T15:29:50.041+0800][0.540s] GC(0) Using 9 workers of 9 for evacuation
[2023-07-01T15:29:50.043+0800][0.542s] GC(0)   Pre Evacuate Collection Set: 0.1ms
[2023-07-01T15:29:50.043+0800][0.542s] GC(0)   Merge Heap Roots: 0.1ms
[2023-07-01T15:29:50.043+0800][0.542s] GC(0)   Evacuate Collection Set: 1.3ms
[2023-07-01T15:29:50.043+0800][0.542s] GC(0)   Post Evacuate Collection Set: 0.3ms
[2023-07-01T15:29:50.043+0800][0.542s] GC(0)   Other: 0.3ms
[2023-07-01T15:29:50.043+0800][0.542s] GC(0) Eden regions: 29->0(60)
[2023-07-01T15:29:50.043+0800][0.542s] GC(0) Survivor regions: 0->4(4)
[2023-07-01T15:29:50.043+0800][0.542s] GC(0) Old regions: 0->2
[2023-07-01T15:29:50.043+0800][0.542s] GC(0) Archive regions: 2->2
[2023-07-01T15:29:50.043+0800][0.542s] GC(0) Humongous regions: 4->4
[2023-07-01T15:29:50.043+0800][0.542s] GC(0) Metaspace: 10150K(10496K)->10150K(10496K) NonClass: 8962K(9152K)->8962K(9152K) Class: 1188K(1344K)->1188K(1344K)
[2023-07-01T15:29:50.043+0800][0.542s] GC(0) Pause Young (Normal) (G1 Evacuation Pause) 33M->10M(512M) 2.176ms
[2023-07-01T15:29:50.043+0800][0.542s] GC(0) User=0.01s Sys=0.01s Real=0.00s
[2023-07-01T15:29:50.370+0800][0.870s] GC(1) Pause Young (Normal) (G1 Evacuation Pause)
[2023-07-01T15:29:50.370+0800][0.870s] GC(1) Using 9 workers of 9 for evacuation
[2023-07-01T15:29:50.375+0800][0.874s] GC(1)   Pre Evacuate Collection Set: 0.1ms
[2023-07-01T15:29:50.375+0800][0.874s] GC(1)   Merge Heap Roots: 0.1ms
[2023-07-01T15:29:50.375+0800][0.874s] GC(1)   Evacuate Collection Set: 3.4ms
[2023-07-01T15:29:50.375+0800][0.874s] GC(1)   Post Evacuate Collection Set: 0.5ms
[2023-07-01T15:29:50.375+0800][0.874s] GC(1)   Other: 0.0ms
[2023-07-01T15:29:50.375+0800][0.874s] GC(1) Eden regions: 60->0(65)
[2023-07-01T15:29:50.375+0800][0.874s] GC(1) Survivor regions: 4->8(8)
[2023-07-01T15:29:50.375+0800][0.874s] GC(1) Old regions: 2->12
[2023-07-01T15:29:50.375+0800][0.874s] GC(1) Archive regions: 2->2
[2023-07-01T15:29:50.375+0800][0.874s] GC(1) Humongous regions: 4->4
[2023-07-01T15:29:50.375+0800][0.874s] GC(1) Metaspace: 19073K(19456K)->19073K(19456K) NonClass: 16881K(17088K)->16881K(17088K) Class: 2191K(2368K)->2191K(2368K)
[2023-07-01T15:29:50.375+0800][0.874s] GC(1) Pause Young (Normal) (G1 Evacuation Pause) 70M->24M(512M) 4.293ms
[2023-07-01T15:29:50.375+0800][0.874s] GC(1) User=0.02s Sys=0.00s Real=0.00s
[2023-07-01T15:29:50.421+0800][0.921s] GC(2) Pause Young (Concurrent Start) (Metadata GC Threshold)
[2023-07-01T15:29:50.421+0800][0.921s] GC(2) Using 9 workers of 9 for evacuation
[2023-07-01T15:29:50.423+0800][0.923s] GC(2)   Pre Evacuate Collection Set: 0.1ms
[2023-07-01T15:29:50.423+0800][0.923s] GC(2)   Merge Heap Roots: 0.0ms
[2023-07-01T15:29:50.423+0800][0.923s] GC(2)   Evacuate Collection Set: 1.6ms
[2023-07-01T15:29:50.423+0800][0.923s] GC(2)   Post Evacuate Collection Set: 0.2ms
[2023-07-01T15:29:50.423+0800][0.923s] GC(2)   Other: 0.0ms
[2023-07-01T15:29:50.423+0800][0.923s] GC(2) Eden regions: 16->0(92)
[2023-07-01T15:29:50.423+0800][0.923s] GC(2) Survivor regions: 8->1(9)
[2023-07-01T15:29:50.423+0800][0.923s] GC(2) Old regions: 12->20
[2023-07-01T15:29:50.423+0800][0.923s] GC(2) Archive regions: 2->2
[2023-07-01T15:29:50.423+0800][0.923s] GC(2) Humongous regions: 4->4
[2023-07-01T15:29:50.423+0800][0.923s] GC(2) Metaspace: 21149K(21504K)->21149K(21504K) NonClass: 18787K(18944K)->18787K(18944K) Class: 2362K(2560K)->2362K(2560K)
[2023-07-01T15:29:50.423+0800][0.923s] GC(2) Pause Young (Concurrent Start) (Metadata GC Threshold) 40M->25M(512M) 2.112ms
[2023-07-01T15:29:50.423+0800][0.923s] GC(3) Concurrent Mark Cycle
[2023-07-01T15:29:50.423+0800][0.923s] GC(2) User=0.01s Sys=0.00s Real=0.00s
[2023-07-01T15:29:50.423+0800][0.923s] GC(3) Concurrent Scan Root Regions
[2023-07-01T15:29:50.424+0800][0.924s] GC(3) Concurrent Scan Root Regions 0.692ms
[2023-07-01T15:29:50.424+0800][0.924s] GC(3) Concurrent Mark
[2023-07-01T15:29:50.424+0800][0.924s] GC(3) Concurrent Mark From Roots
[2023-07-01T15:29:50.424+0800][0.924s] GC(3) Using 2 workers of 2 for marking
[2023-07-01T15:29:50.428+0800][0.927s] GC(3) Concurrent Mark From Roots 3.902ms
[2023-07-01T15:29:50.428+0800][0.927s] GC(3) Concurrent Preclean
[2023-07-01T15:29:50.428+0800][0.927s] GC(3) Concurrent Preclean 0.016ms
[2023-07-01T15:29:50.428+0800][0.928s] GC(3) Pause Remark
[2023-07-01T15:29:50.429+0800][0.928s] GC(3) Pause Remark 27M->27M(512M) 0.888ms
[2023-07-01T15:29:50.429+0800][0.928s] GC(3) User=0.00s Sys=0.00s Real=0.00s
[2023-07-01T15:29:50.429+0800][0.928s] GC(3) Concurrent Mark 4.941ms
[2023-07-01T15:29:50.429+0800][0.928s] GC(3) Concurrent Rebuild Remembered Sets and Scrub Regions
[2023-07-01T15:29:50.432+0800][0.931s] GC(3) Concurrent Rebuild Remembered Sets and Scrub Regions 2.617ms
[2023-07-01T15:29:50.432+0800][0.931s] GC(3) Pause Cleanup
[2023-07-01T15:29:50.432+0800][0.931s] GC(3) Pause Cleanup 28M->28M(512M) 0.062ms
[2023-07-01T15:29:50.432+0800][0.931s] GC(3) User=0.00s Sys=0.00s Real=0.00s
[2023-07-01T15:29:50.432+0800][0.931s] GC(3) Concurrent Clear Claimed Marks
[2023-07-01T15:29:50.432+0800][0.931s] GC(3) Concurrent Clear Claimed Marks 0.008ms
[2023-07-01T15:29:50.432+0800][0.931s] GC(3) Concurrent Cleanup for Next Mark
[2023-07-01T15:29:50.432+0800][0.932s] GC(3) Concurrent Cleanup for Next Mark 0.286ms
[2023-07-01T15:29:50.432+0800][0.932s] GC(3) Concurrent Mark Cycle 8.768ms
[2023-07-01T15:29:51.465+0800][1.965s] GC(4) Pause Young (Prepare Mixed) (Metadata GC Threshold)
[2023-07-01T15:29:51.465+0800][1.965s] GC(4) Using 9 workers of 9 for evacuation
[2023-07-01T15:29:51.468+0800][1.967s] GC(4)   Pre Evacuate Collection Set: 0.1ms
[2023-07-01T15:29:51.468+0800][1.967s] GC(4)   Merge Heap Roots: 0.0ms
[2023-07-01T15:29:51.468+0800][1.967s] GC(4)   Evacuate Collection Set: 2.4ms
[2023-07-01T15:29:51.468+0800][1.967s] GC(4)   Post Evacuate Collection Set: 0.2ms
[2023-07-01T15:29:51.468+0800][1.967s] GC(4)   Other: 0.0ms
[2023-07-01T15:29:51.468+0800][1.967s] GC(4) Eden regions: 90->0(295)
[2023-07-01T15:29:51.468+0800][1.967s] GC(4) Survivor regions: 1->12(12)
[2023-07-01T15:29:51.468+0800][1.967s] GC(4) Old regions: 20->20
[2023-07-01T15:29:51.468+0800][1.967s] GC(4) Archive regions: 2->2
[2023-07-01T15:29:51.468+0800][1.967s] GC(4) Humongous regions: 4->4
[2023-07-01T15:29:51.468+0800][1.968s] GC(4) Metaspace: 36180K(36608K)->36180K(36608K) NonClass: 32180K(32384K)->32180K(32384K) Class: 3999K(4224K)->3999K(4224K)
[2023-07-01T15:29:51.468+0800][1.968s] GC(4) Pause Young (Prepare Mixed) (Metadata GC Threshold) 115M->36M(512M) 2.942ms
[2023-07-01T15:29:51.468+0800][1.968s] GC(4) User=0.02s Sys=0.00s Real=0.00s
[2023-07-01T15:29:51.480+0800][1.980s] GC(5) Pause Young (Mixed) (Metadata GC Threshold)
[2023-07-01T15:29:51.480+0800][1.980s] GC(5) Using 9 workers of 9 for evacuation
[2023-07-01T15:29:51.484+0800][1.984s] GC(5)   Pre Evacuate Collection Set: 0.1ms
[2023-07-01T15:29:51.484+0800][1.984s] GC(5)   Merge Heap Roots: 0.1ms
[2023-07-01T15:29:51.484+0800][1.984s] GC(5)   Evacuate Collection Set: 3.0ms
[2023-07-01T15:29:51.484+0800][1.984s] GC(5)   Post Evacuate Collection Set: 0.7ms
[2023-07-01T15:29:51.484+0800][1.984s] GC(5)   Other: 0.0ms
[2023-07-01T15:29:51.484+0800][1.984s] GC(5) Eden regions: 4->0(294)
[2023-07-01T15:29:51.484+0800][1.984s] GC(5) Survivor regions: 12->13(39)
[2023-07-01T15:29:51.484+0800][1.984s] GC(5) Old regions: 20->20
[2023-07-01T15:29:51.484+0800][1.984s] GC(5) Archive regions: 2->2
[2023-07-01T15:29:51.484+0800][1.984s] GC(5) Humongous regions: 4->4
[2023-07-01T15:29:51.484+0800][1.984s] GC(5) Metaspace: 36548K(36928K)->36548K(36928K) NonClass: 32519K(32704K)->32519K(32704K) Class: 4029K(4224K)->4029K(4224K)
[2023-07-01T15:29:51.484+0800][1.984s] GC(5) Pause Young (Mixed) (Metadata GC Threshold) 39M->36M(512M) 3.961ms
[2023-07-01T15:29:51.484+0800][1.984s] GC(5) User=0.02s Sys=0.01s Real=0.00s
[2023-07-01T15:29:51.492+0800][1.991s] GC(6) Pause Young (Concurrent Start) (Metadata GC Threshold)
[2023-07-01T15:29:51.492+0800][1.991s] GC(6) Using 9 workers of 9 for evacuation
[2023-07-01T15:29:51.494+0800][1.994s] GC(6)   Pre Evacuate Collection Set: 0.1ms
[2023-07-01T15:29:51.494+0800][1.994s] GC(6)   Merge Heap Roots: 0.0ms
[2023-07-01T15:29:51.494+0800][1.994s] GC(6)   Evacuate Collection Set: 2.0ms
[2023-07-01T15:29:51.494+0800][1.994s] GC(6)   Post Evacuate Collection Set: 0.3ms
[2023-07-01T15:29:51.494+0800][1.994s] GC(6)   Other: 0.0ms
[2023-07-01T15:29:51.494+0800][1.994s] GC(6) Eden regions: 2->0(295)
[2023-07-01T15:29:51.494+0800][1.994s] GC(6) Survivor regions: 13->12(39)
[2023-07-01T15:29:51.494+0800][1.994s] GC(6) Old regions: 20->20
[2023-07-01T15:29:51.494+0800][1.994s] GC(6) Archive regions: 2->2
[2023-07-01T15:29:51.494+0800][1.994s] GC(6) Humongous regions: 4->4
[2023-07-01T15:29:51.494+0800][1.994s] GC(6) Metaspace: 36801K(37248K)->36801K(37248K) NonClass: 32747K(32960K)->32747K(32960K) Class: 4053K(4288K)->4053K(4288K)
[2023-07-01T15:29:51.494+0800][1.994s] GC(6) Pause Young (Concurrent Start) (Metadata GC Threshold) 38M->36M(512M) 2.546ms
[2023-07-01T15:29:51.494+0800][1.994s] GC(7) Concurrent Mark Cycle
[2023-07-01T15:29:51.494+0800][1.994s] GC(6) User=0.02s Sys=0.00s Real=0.00s
[2023-07-01T15:29:51.494+0800][1.994s] GC(7) Concurrent Scan Root Regions
[2023-07-01T15:29:51.496+0800][1.996s] GC(7) Concurrent Scan Root Regions 1.870ms
[2023-07-01T15:29:51.496+0800][1.996s] GC(7) Concurrent Mark
[2023-07-01T15:29:51.496+0800][1.996s] GC(7) Concurrent Mark From Roots
[2023-07-01T15:29:51.496+0800][1.996s] GC(7) Using 2 workers of 2 for marking
[2023-07-01T15:29:51.501+0800][2.001s] GC(7) Concurrent Mark From Roots 4.924ms
[2023-07-01T15:29:51.501+0800][2.001s] GC(7) Concurrent Preclean
[2023-07-01T15:29:51.501+0800][2.001s] GC(7) Concurrent Preclean 0.042ms
[2023-07-01T15:29:51.501+0800][2.001s] GC(7) Pause Remark
[2023-07-01T15:29:51.503+0800][2.002s] GC(7) Pause Remark 38M->38M(512M) 1.248ms
[2023-07-01T15:29:51.503+0800][2.002s] GC(7) User=0.01s Sys=0.00s Real=0.00s
[2023-07-01T15:29:51.503+0800][2.002s] GC(7) Concurrent Mark 6.594ms
[2023-07-01T15:29:51.503+0800][2.002s] GC(7) Concurrent Rebuild Remembered Sets and Scrub Regions
[2023-07-01T15:29:51.505+0800][2.005s] GC(7) Concurrent Rebuild Remembered Sets and Scrub Regions 2.689ms
[2023-07-01T15:29:51.505+0800][2.005s] GC(7) Pause Cleanup
[2023-07-01T15:29:51.506+0800][2.005s] GC(7) Pause Cleanup 39M->39M(512M) 0.071ms
[2023-07-01T15:29:51.506+0800][2.005s] GC(7) User=0.00s Sys=0.00s Real=0.00s
[2023-07-01T15:29:51.506+0800][2.005s] GC(7) Concurrent Clear Claimed Marks
[2023-07-01T15:29:51.506+0800][2.005s] GC(7) Concurrent Clear Claimed Marks 0.027ms
[2023-07-01T15:29:51.506+0800][2.005s] GC(7) Concurrent Cleanup for Next Mark
[2023-07-01T15:29:51.506+0800][2.006s] GC(7) Concurrent Cleanup for Next Mark 0.405ms
[2023-07-01T15:29:51.506+0800][2.006s] GC(7) Concurrent Mark Cycle 11.844ms
[2023-07-01T16:25:29.567+0800][3340.086s] Heap
[2023-07-01T16:25:29.567+0800][3340.086s]  garbage-first heap   total 524288K, used 314146K [0x00000007e0000000, 0x0000000800000000)
[2023-07-01T16:25:29.568+0800][3340.086s]   region size 1024K, 279 young (285696K), 12 survivors (12288K)
[2023-07-01T16:25:29.568+0800][3340.086s]  Metaspace       used 58632K, committed 59200K, reserved 1114112K
[2023-07-01T16:25:29.568+0800][3340.086s]   class space    used 6613K, committed 6912K, reserved 1048576K
