[2023-07-01T14:20:10.653+0800][0.004s] CardTable entry size: 512
[2023-07-01T14:20:10.653+0800][0.004s] Using G1
[2023-07-01T14:20:10.697+0800][0.047s] Version: 20.0.1+9-29 (release)
[2023-07-01T14:20:10.697+0800][0.047s] CPUs: 10 total, 10 available
[2023-07-01T14:20:10.697+0800][0.047s] Memory: 16384M
[2023-07-01T14:20:10.697+0800][0.047s] Large Page Support: Disabled
[2023-07-01T14:20:10.697+0800][0.047s] NUMA Support: Disabled
[2023-07-01T14:20:10.697+0800][0.047s] Compressed Oops: Enabled (Zero based)
[2023-07-01T14:20:10.697+0800][0.047s] Heap Region Size: 1M
[2023-07-01T14:20:10.697+0800][0.047s] Heap Min Capacity: 512M
[2023-07-01T14:20:10.697+0800][0.047s] Heap Initial Capacity: 512M
[2023-07-01T14:20:10.697+0800][0.047s] Heap Max Capacity: 512M
[2023-07-01T14:20:10.697+0800][0.047s] Pre-touch: Enabled
[2023-07-01T14:20:10.697+0800][0.047s] Parallel Workers: 9
[2023-07-01T14:20:10.697+0800][0.047s] Concurrent Workers: 2
[2023-07-01T14:20:10.697+0800][0.047s] Concurrent Refinement Workers: 9
[2023-07-01T14:20:10.697+0800][0.047s] Periodic GC: Disabled
[2023-07-01T14:20:10.697+0800][0.048s] CDS archive(s) mapped at: [0x0000000800000000-0x0000000800c6c000-0x0000000800c6c000), size 13025280, SharedBaseAddress: 0x0000000800000000, ArchiveRelocationMode: 0.
[2023-07-01T14:20:10.697+0800][0.048s] Compressed class space mapped at: 0x0000000801000000-0x0000000841000000, reserved size: 1073741824
[2023-07-01T14:20:10.697+0800][0.048s] Narrow klass base: 0x0000000800000000, Narrow klass shift: 0, Narrow klass range: 0x100000000
[2023-07-01T14:20:10.968+0800][0.319s] GC(0) Pause Young (Normal) (G1 Evacuation Pause)
[2023-07-01T14:20:10.968+0800][0.319s] GC(0) Using 9 workers of 9 for evacuation
[2023-07-01T14:20:10.970+0800][0.321s] GC(0)   Pre Evacuate Collection Set: 0.1ms
[2023-07-01T14:20:10.970+0800][0.321s] GC(0)   Merge Heap Roots: 0.0ms
[2023-07-01T14:20:10.970+0800][0.321s] GC(0)   Evacuate Collection Set: 1.3ms
[2023-07-01T14:20:10.970+0800][0.321s] GC(0)   Post Evacuate Collection Set: 0.2ms
[2023-07-01T14:20:10.970+0800][0.321s] GC(0)   Other: 0.2ms
[2023-07-01T14:20:10.970+0800][0.321s] GC(0) Eden regions: 29->0(60)
[2023-07-01T14:20:10.970+0800][0.321s] GC(0) Survivor regions: 0->4(4)
[2023-07-01T14:20:10.970+0800][0.321s] GC(0) Old regions: 0->2
[2023-07-01T14:20:10.970+0800][0.321s] GC(0) Archive regions: 2->2
[2023-07-01T14:20:10.970+0800][0.321s] GC(0) Humongous regions: 4->4
[2023-07-01T14:20:10.970+0800][0.321s] GC(0) Metaspace: 10161K(10496K)->10161K(10496K) NonClass: 8973K(9152K)->8973K(9152K) Class: 1187K(1344K)->1187K(1344K)
[2023-07-01T14:20:10.970+0800][0.321s] GC(0) Pause Young (Normal) (G1 Evacuation Pause) 33M->10M(512M) 2.028ms
[2023-07-01T14:20:10.970+0800][0.321s] GC(0) User=0.01s Sys=0.00s Real=0.01s
[2023-07-01T14:20:11.252+0800][0.603s] GC(1) Pause Young (Normal) (G1 Evacuation Pause)
[2023-07-01T14:20:11.252+0800][0.603s] GC(1) Using 9 workers of 9 for evacuation
[2023-07-01T14:20:11.256+0800][0.607s] GC(1)   Pre Evacuate Collection Set: 0.1ms
[2023-07-01T14:20:11.256+0800][0.607s] GC(1)   Merge Heap Roots: 0.0ms
[2023-07-01T14:20:11.256+0800][0.607s] GC(1)   Evacuate Collection Set: 3.2ms
[2023-07-01T14:20:11.256+0800][0.607s] GC(1)   Post Evacuate Collection Set: 0.4ms
[2023-07-01T14:20:11.256+0800][0.607s] GC(1)   Other: 0.0ms
[2023-07-01T14:20:11.256+0800][0.607s] GC(1) Eden regions: 60->0(65)
[2023-07-01T14:20:11.256+0800][0.607s] GC(1) Survivor regions: 4->8(8)
[2023-07-01T14:20:11.256+0800][0.607s] GC(1) Old regions: 2->12
[2023-07-01T14:20:11.256+0800][0.607s] GC(1) Archive regions: 2->2
[2023-07-01T14:20:11.256+0800][0.607s] GC(1) Humongous regions: 4->4
[2023-07-01T14:20:11.256+0800][0.607s] GC(1) Metaspace: 19042K(19456K)->19042K(19456K) NonClass: 16852K(17088K)->16852K(17088K) Class: 2190K(2368K)->2190K(2368K)
[2023-07-01T14:20:11.256+0800][0.607s] GC(1) Pause Young (Normal) (G1 Evacuation Pause) 70M->24M(512M) 3.867ms
[2023-07-01T14:20:11.256+0800][0.607s] GC(1) User=0.03s Sys=0.00s Real=0.00s
[2023-07-01T14:20:11.297+0800][0.648s] GC(2) Pause Young (Concurrent Start) (Metadata GC Threshold)
[2023-07-01T14:20:11.297+0800][0.648s] GC(2) Using 9 workers of 9 for evacuation
[2023-07-01T14:20:11.299+0800][0.650s] GC(2)   Pre Evacuate Collection Set: 0.1ms
[2023-07-01T14:20:11.299+0800][0.650s] GC(2)   Merge Heap Roots: 0.0ms
[2023-07-01T14:20:11.299+0800][0.650s] GC(2)   Evacuate Collection Set: 1.8ms
[2023-07-01T14:20:11.299+0800][0.650s] GC(2)   Post Evacuate Collection Set: 0.2ms
[2023-07-01T14:20:11.299+0800][0.650s] GC(2)   Other: 0.0ms
[2023-07-01T14:20:11.299+0800][0.650s] GC(2) Eden regions: 16->0(94)
[2023-07-01T14:20:11.299+0800][0.650s] GC(2) Survivor regions: 8->1(9)
[2023-07-01T14:20:11.299+0800][0.650s] GC(2) Old regions: 12->21
[2023-07-01T14:20:11.299+0800][0.650s] GC(2) Archive regions: 2->2
[2023-07-01T14:20:11.299+0800][0.650s] GC(2) Humongous regions: 4->4
[2023-07-01T14:20:11.299+0800][0.650s] GC(2) Metaspace: 21104K(21504K)->21104K(21504K) NonClass: 18743K(18944K)->18743K(18944K) Class: 2360K(2560K)->2360K(2560K)
[2023-07-01T14:20:11.299+0800][0.650s] GC(2) Pause Young (Concurrent Start) (Metadata GC Threshold) 40M->25M(512M) 2.315ms
[2023-07-01T14:20:11.299+0800][0.650s] GC(3) Concurrent Mark Cycle
[2023-07-01T14:20:11.299+0800][0.650s] GC(2) User=0.01s Sys=0.00s Real=0.00s
[2023-07-01T14:20:11.299+0800][0.650s] GC(3) Concurrent Scan Root Regions
[2023-07-01T14:20:11.300+0800][0.651s] GC(3) Concurrent Scan Root Regions 1.043ms
[2023-07-01T14:20:11.300+0800][0.651s] GC(3) Concurrent Mark
[2023-07-01T14:20:11.300+0800][0.651s] GC(3) Concurrent Mark From Roots
[2023-07-01T14:20:11.300+0800][0.651s] GC(3) Using 2 workers of 2 for marking
[2023-07-01T14:20:11.304+0800][0.655s] GC(3) Concurrent Mark From Roots 3.742ms
[2023-07-01T14:20:11.304+0800][0.655s] GC(3) Concurrent Preclean
[2023-07-01T14:20:11.304+0800][0.655s] GC(3) Concurrent Preclean 0.027ms
[2023-07-01T14:20:11.304+0800][0.655s] GC(3) Pause Remark
[2023-07-01T14:20:11.305+0800][0.656s] GC(3) Pause Remark 27M->27M(512M) 1.041ms
[2023-07-01T14:20:11.305+0800][0.656s] GC(3) User=0.01s Sys=0.00s Real=0.00s
[2023-07-01T14:20:11.305+0800][0.656s] GC(3) Concurrent Mark 4.972ms
[2023-07-01T14:20:11.305+0800][0.656s] GC(3) Concurrent Rebuild Remembered Sets and Scrub Regions
[2023-07-01T14:20:11.308+0800][0.659s] GC(3) Concurrent Rebuild Remembered Sets and Scrub Regions 2.549ms
[2023-07-01T14:20:11.308+0800][0.659s] GC(3) Pause Cleanup
[2023-07-01T14:20:11.308+0800][0.659s] GC(3) Pause Cleanup 28M->28M(512M) 0.085ms
[2023-07-01T14:20:11.308+0800][0.659s] GC(3) User=0.00s Sys=0.00s Real=0.00s
[2023-07-01T14:20:11.308+0800][0.659s] GC(3) Concurrent Clear Claimed Marks
[2023-07-01T14:20:11.308+0800][0.659s] GC(3) Concurrent Clear Claimed Marks 0.018ms
[2023-07-01T14:20:11.308+0800][0.659s] GC(3) Concurrent Cleanup for Next Mark
[2023-07-01T14:20:11.308+0800][0.659s] GC(3) Concurrent Cleanup for Next Mark 0.326ms
[2023-07-01T14:20:11.308+0800][0.659s] GC(3) Concurrent Mark Cycle 9.202ms
[2023-07-01T14:20:12.288+0800][1.639s] GC(4) Pause Young (Prepare Mixed) (Metadata GC Threshold)
[2023-07-01T14:20:12.288+0800][1.639s] GC(4) Using 9 workers of 9 for evacuation
[2023-07-01T14:20:12.291+0800][1.642s] GC(4)   Pre Evacuate Collection Set: 0.1ms
[2023-07-01T14:20:12.291+0800][1.642s] GC(4)   Merge Heap Roots: 0.0ms
[2023-07-01T14:20:12.291+0800][1.642s] GC(4)   Evacuate Collection Set: 2.1ms
[2023-07-01T14:20:12.291+0800][1.642s] GC(4)   Post Evacuate Collection Set: 0.3ms
[2023-07-01T14:20:12.291+0800][1.642s] GC(4)   Other: 0.0ms
[2023-07-01T14:20:12.291+0800][1.642s] GC(4) Eden regions: 94->0(295)
[2023-07-01T14:20:12.291+0800][1.642s] GC(4) Survivor regions: 1->12(13)
[2023-07-01T14:20:12.291+0800][1.642s] GC(4) Old regions: 21->21
[2023-07-01T14:20:12.291+0800][1.642s] GC(4) Archive regions: 2->2
[2023-07-01T14:20:12.291+0800][1.642s] GC(4) Humongous regions: 4->4
[2023-07-01T14:20:12.291+0800][1.642s] GC(4) Metaspace: 35995K(36416K)->35995K(36416K) NonClass: 32016K(32192K)->32016K(32192K) Class: 3979K(4224K)->3979K(4224K)
[2023-07-01T14:20:12.291+0800][1.642s] GC(4) Pause Young (Prepare Mixed) (Metadata GC Threshold) 119M->36M(512M) 2.693ms
[2023-07-01T14:20:12.291+0800][1.642s] GC(4) User=0.01s Sys=0.01s Real=0.01s
[2023-07-01T14:20:12.300+0800][1.651s] GC(5) Pause Young (Mixed) (Metadata GC Threshold)
[2023-07-01T14:20:12.300+0800][1.651s] GC(5) Using 9 workers of 9 for evacuation
[2023-07-01T14:20:12.302+0800][1.653s] GC(5)   Pre Evacuate Collection Set: 0.1ms
[2023-07-01T14:20:12.302+0800][1.653s] GC(5)   Merge Heap Roots: 0.0ms
[2023-07-01T14:20:12.302+0800][1.653s] GC(5)   Evacuate Collection Set: 2.0ms
[2023-07-01T14:20:12.302+0800][1.653s] GC(5)   Post Evacuate Collection Set: 0.3ms
[2023-07-01T14:20:12.302+0800][1.653s] GC(5)   Other: 0.0ms
[2023-07-01T14:20:12.302+0800][1.653s] GC(5) Eden regions: 3->0(294)
[2023-07-01T14:20:12.302+0800][1.653s] GC(5) Survivor regions: 12->13(39)
[2023-07-01T14:20:12.302+0800][1.653s] GC(5) Old regions: 21->20
[2023-07-01T14:20:12.302+0800][1.653s] GC(5) Archive regions: 2->2
[2023-07-01T14:20:12.302+0800][1.653s] GC(5) Humongous regions: 4->4
[2023-07-01T14:20:12.302+0800][1.653s] GC(5) Metaspace: 36304K(36736K)->36304K(36736K) NonClass: 32297K(32512K)->32297K(32512K) Class: 4006K(4224K)->4006K(4224K)
[2023-07-01T14:20:12.302+0800][1.653s] GC(5) Pause Young (Mixed) (Metadata GC Threshold) 39M->36M(512M) 2.527ms
[2023-07-01T14:20:12.302+0800][1.653s] GC(5) User=0.01s Sys=0.00s Real=0.00s
[2023-07-01T14:20:12.313+0800][1.664s] GC(6) Pause Young (Concurrent Start) (Metadata GC Threshold)
[2023-07-01T14:20:12.313+0800][1.664s] GC(6) Using 9 workers of 9 for evacuation
[2023-07-01T14:20:12.315+0800][1.666s] GC(6)   Pre Evacuate Collection Set: 0.1ms
[2023-07-01T14:20:12.315+0800][1.666s] GC(6)   Merge Heap Roots: 0.0ms
[2023-07-01T14:20:12.315+0800][1.666s] GC(6)   Evacuate Collection Set: 1.8ms
[2023-07-01T14:20:12.315+0800][1.666s] GC(6)   Post Evacuate Collection Set: 0.3ms
[2023-07-01T14:20:12.315+0800][1.666s] GC(6)   Other: 0.0ms
[2023-07-01T14:20:12.315+0800][1.666s] GC(6) Eden regions: 3->0(294)
[2023-07-01T14:20:12.315+0800][1.666s] GC(6) Survivor regions: 13->13(39)
[2023-07-01T14:20:12.315+0800][1.666s] GC(6) Old regions: 20->20
[2023-07-01T14:20:12.315+0800][1.666s] GC(6) Archive regions: 2->2
[2023-07-01T14:20:12.315+0800][1.666s] GC(6) Humongous regions: 4->4
[2023-07-01T14:20:12.315+0800][1.666s] GC(6) Metaspace: 36638K(37056K)->36638K(37056K) NonClass: 32596K(32768K)->32596K(32768K) Class: 4041K(4288K)->4041K(4288K)
[2023-07-01T14:20:12.315+0800][1.666s] GC(6) Pause Young (Concurrent Start) (Metadata GC Threshold) 39M->36M(512M) 2.348ms
[2023-07-01T14:20:12.315+0800][1.666s] GC(7) Concurrent Mark Cycle
[2023-07-01T14:20:12.316+0800][1.666s] GC(6) User=0.01s Sys=0.00s Real=0.00s
[2023-07-01T14:20:12.316+0800][1.666s] GC(7) Concurrent Scan Root Regions
[2023-07-01T14:20:12.317+0800][1.668s] GC(7) Concurrent Scan Root Regions 1.947ms
[2023-07-01T14:20:12.317+0800][1.668s] GC(7) Concurrent Mark
[2023-07-01T14:20:12.317+0800][1.668s] GC(7) Concurrent Mark From Roots
[2023-07-01T14:20:12.317+0800][1.668s] GC(7) Using 2 workers of 2 for marking
[2023-07-01T14:20:12.323+0800][1.673s] GC(7) Concurrent Mark From Roots 5.074ms
[2023-07-01T14:20:12.323+0800][1.673s] GC(7) Concurrent Preclean
[2023-07-01T14:20:12.323+0800][1.673s] GC(7) Concurrent Preclean 0.026ms
[2023-07-01T14:20:12.323+0800][1.673s] GC(7) Pause Remark
[2023-07-01T14:20:12.324+0800][1.675s] GC(7) Pause Remark 39M->39M(512M) 1.331ms
[2023-07-01T14:20:12.324+0800][1.675s] GC(7) User=0.01s Sys=0.00s Real=0.00s
[2023-07-01T14:20:12.324+0800][1.675s] GC(7) Concurrent Mark 6.540ms
[2023-07-01T14:20:12.324+0800][1.675s] GC(7) Concurrent Rebuild Remembered Sets and Scrub Regions
[2023-07-01T14:20:12.327+0800][1.677s] GC(7) Concurrent Rebuild Remembered Sets and Scrub Regions 2.660ms
[2023-07-01T14:20:12.327+0800][1.678s] GC(7) Pause Cleanup
[2023-07-01T14:20:12.327+0800][1.678s] GC(7) Pause Cleanup 40M->40M(512M) 0.065ms
[2023-07-01T14:20:12.327+0800][1.678s] GC(7) User=0.00s Sys=0.00s Real=0.00s
[2023-07-01T14:20:12.327+0800][1.678s] GC(7) Concurrent Clear Claimed Marks
[2023-07-01T14:20:12.327+0800][1.678s] GC(7) Concurrent Clear Claimed Marks 0.051ms
[2023-07-01T14:20:12.327+0800][1.678s] GC(7) Concurrent Cleanup for Next Mark
[2023-07-01T14:20:12.327+0800][1.678s] GC(7) Concurrent Cleanup for Next Mark 0.400ms
[2023-07-01T14:20:12.327+0800][1.678s] GC(7) Concurrent Mark Cycle 11.856ms
[2023-07-01T14:22:23.736+0800][133.086s] Heap
[2023-07-01T14:22:23.736+0800][133.086s]  garbage-first heap   total 524288K, used 199837K [0x00000007e0000000, 0x0000000800000000)
[2023-07-01T14:22:23.736+0800][133.086s]   region size 1024K, 171 young (175104K), 13 survivors (13312K)
[2023-07-01T14:22:23.736+0800][133.086s]  Metaspace       used 54555K, committed 55104K, reserved 1114112K
[2023-07-01T14:22:23.736+0800][133.086s]   class space    used 6331K, committed 6592K, reserved 1048576K
