[2023-07-01T13:55:18.135+0800][0.004s] CardTable entry size: 512
[2023-07-01T13:55:18.135+0800][0.004s] Using G1
[2023-07-01T13:55:18.168+0800][0.037s] Version: 20.0.1+9-29 (release)
[2023-07-01T13:55:18.168+0800][0.037s] CPUs: 10 total, 10 available
[2023-07-01T13:55:18.168+0800][0.037s] Memory: 16384M
[2023-07-01T13:55:18.168+0800][0.037s] Large Page Support: Disabled
[2023-07-01T13:55:18.168+0800][0.037s] NUMA Support: Disabled
[2023-07-01T13:55:18.168+0800][0.037s] Compressed Oops: Enabled (Zero based)
[2023-07-01T13:55:18.168+0800][0.037s] Heap Region Size: 1M
[2023-07-01T13:55:18.168+0800][0.037s] Heap Min Capacity: 512M
[2023-07-01T13:55:18.168+0800][0.037s] Heap Initial Capacity: 512M
[2023-07-01T13:55:18.168+0800][0.037s] Heap Max Capacity: 512M
[2023-07-01T13:55:18.168+0800][0.037s] Pre-touch: Enabled
[2023-07-01T13:55:18.168+0800][0.037s] Parallel Workers: 9
[2023-07-01T13:55:18.168+0800][0.037s] Concurrent Workers: 2
[2023-07-01T13:55:18.168+0800][0.037s] Concurrent Refinement Workers: 9
[2023-07-01T13:55:18.168+0800][0.037s] Periodic GC: Disabled
[2023-07-01T13:55:18.168+0800][0.037s] CDS archive(s) mapped at: [0x0000000800000000-0x0000000800c6c000-0x0000000800c6c000), size 13025280, SharedBaseAddress: 0x0000000800000000, ArchiveRelocationMode: 0.
[2023-07-01T13:55:18.168+0800][0.037s] Compressed class space mapped at: 0x0000000801000000-0x0000000841000000, reserved size: 1073741824
[2023-07-01T13:55:18.168+0800][0.037s] Narrow klass base: 0x0000000800000000, Narrow klass shift: 0, Narrow klass range: 0x100000000
[2023-07-01T13:55:18.628+0800][0.497s] GC(0) Pause Young (Normal) (G1 Evacuation Pause)
[2023-07-01T13:55:18.629+0800][0.497s] GC(0) Using 9 workers of 9 for evacuation
[2023-07-01T13:55:18.631+0800][0.500s] GC(0)   Pre Evacuate Collection Set: 0.1ms
[2023-07-01T13:55:18.631+0800][0.500s] GC(0)   Merge Heap Roots: 0.1ms
[2023-07-01T13:55:18.631+0800][0.500s] GC(0)   Evacuate Collection Set: 1.9ms
[2023-07-01T13:55:18.631+0800][0.500s] GC(0)   Post Evacuate Collection Set: 0.3ms
[2023-07-01T13:55:18.631+0800][0.500s] GC(0)   Other: 0.5ms
[2023-07-01T13:55:18.631+0800][0.500s] GC(0) Eden regions: 29->0(60)
[2023-07-01T13:55:18.631+0800][0.500s] GC(0) Survivor regions: 0->4(4)
[2023-07-01T13:55:18.631+0800][0.500s] GC(0) Old regions: 0->2
[2023-07-01T13:55:18.631+0800][0.500s] GC(0) Archive regions: 2->2
[2023-07-01T13:55:18.631+0800][0.500s] GC(0) Humongous regions: 4->4
[2023-07-01T13:55:18.631+0800][0.500s] GC(0) Metaspace: 10133K(10432K)->10133K(10432K) NonClass: 8945K(9088K)->8945K(9088K) Class: 1188K(1344K)->1188K(1344K)
[2023-07-01T13:55:18.631+0800][0.500s] GC(0) Pause Young (Normal) (G1 Evacuation Pause) 33M->10M(512M) 2.897ms
[2023-07-01T13:55:18.631+0800][0.500s] GC(0) User=0.01s Sys=0.00s Real=0.01s
[2023-07-01T13:55:18.929+0800][0.798s] GC(1) Pause Young (Normal) (G1 Evacuation Pause)
[2023-07-01T13:55:18.929+0800][0.798s] GC(1) Using 9 workers of 9 for evacuation
[2023-07-01T13:55:18.933+0800][0.802s] GC(1)   Pre Evacuate Collection Set: 0.1ms
[2023-07-01T13:55:18.933+0800][0.802s] GC(1)   Merge Heap Roots: 0.1ms
[2023-07-01T13:55:18.933+0800][0.802s] GC(1)   Evacuate Collection Set: 3.2ms
[2023-07-01T13:55:18.933+0800][0.802s] GC(1)   Post Evacuate Collection Set: 0.5ms
[2023-07-01T13:55:18.933+0800][0.802s] GC(1)   Other: 0.0ms
[2023-07-01T13:55:18.933+0800][0.802s] GC(1) Eden regions: 60->0(65)
[2023-07-01T13:55:18.933+0800][0.802s] GC(1) Survivor regions: 4->8(8)
[2023-07-01T13:55:18.933+0800][0.802s] GC(1) Old regions: 2->12
[2023-07-01T13:55:18.933+0800][0.802s] GC(1) Archive regions: 2->2
[2023-07-01T13:55:18.933+0800][0.802s] GC(1) Humongous regions: 4->4
[2023-07-01T13:55:18.933+0800][0.802s] GC(1) Metaspace: 19007K(19392K)->19007K(19392K) NonClass: 16816K(17024K)->16816K(17024K) Class: 2191K(2368K)->2191K(2368K)
[2023-07-01T13:55:18.933+0800][0.802s] GC(1) Pause Young (Normal) (G1 Evacuation Pause) 70M->24M(512M) 4.028ms
[2023-07-01T13:55:18.933+0800][0.802s] GC(1) User=0.03s Sys=0.00s Real=0.01s
[2023-07-01T13:55:18.976+0800][0.845s] GC(2) Pause Young (Concurrent Start) (Metadata GC Threshold)
[2023-07-01T13:55:18.976+0800][0.845s] GC(2) Using 9 workers of 9 for evacuation
[2023-07-01T13:55:18.978+0800][0.847s] GC(2)   Pre Evacuate Collection Set: 0.1ms
[2023-07-01T13:55:18.978+0800][0.847s] GC(2)   Merge Heap Roots: 0.0ms
[2023-07-01T13:55:18.978+0800][0.847s] GC(2)   Evacuate Collection Set: 1.7ms
[2023-07-01T13:55:18.978+0800][0.847s] GC(2)   Post Evacuate Collection Set: 0.2ms
[2023-07-01T13:55:18.978+0800][0.847s] GC(2)   Other: 0.0ms
[2023-07-01T13:55:18.978+0800][0.847s] GC(2) Eden regions: 17->0(91)
[2023-07-01T13:55:18.978+0800][0.847s] GC(2) Survivor regions: 8->1(9)
[2023-07-01T13:55:18.978+0800][0.847s] GC(2) Old regions: 12->21
[2023-07-01T13:55:18.978+0800][0.847s] GC(2) Archive regions: 2->2
[2023-07-01T13:55:18.978+0800][0.847s] GC(2) Humongous regions: 4->4
[2023-07-01T13:55:18.978+0800][0.847s] GC(2) Metaspace: 21086K(21504K)->21086K(21504K) NonClass: 18723K(18944K)->18723K(18944K) Class: 2363K(2560K)->2363K(2560K)
[2023-07-01T13:55:18.978+0800][0.847s] GC(2) Pause Young (Concurrent Start) (Metadata GC Threshold) 41M->26M(512M) 2.183ms
[2023-07-01T13:55:18.978+0800][0.847s] GC(3) Concurrent Mark Cycle
[2023-07-01T13:55:18.978+0800][0.847s] GC(2) User=0.02s Sys=0.00s Real=0.00s
[2023-07-01T13:55:18.978+0800][0.847s] GC(3) Concurrent Scan Root Regions
[2023-07-01T13:55:18.979+0800][0.848s] GC(3) Concurrent Scan Root Regions 0.721ms
[2023-07-01T13:55:18.979+0800][0.848s] GC(3) Concurrent Mark
[2023-07-01T13:55:18.979+0800][0.848s] GC(3) Concurrent Mark From Roots
[2023-07-01T13:55:18.979+0800][0.848s] GC(3) Using 2 workers of 2 for marking
[2023-07-01T13:55:18.983+0800][0.852s] GC(3) Concurrent Mark From Roots 3.994ms
[2023-07-01T13:55:18.983+0800][0.852s] GC(3) Concurrent Preclean
[2023-07-01T13:55:18.983+0800][0.852s] GC(3) Concurrent Preclean 0.026ms
[2023-07-01T13:55:18.983+0800][0.852s] GC(3) Pause Remark
[2023-07-01T13:55:18.984+0800][0.853s] GC(3) Pause Remark 28M->28M(512M) 0.816ms
[2023-07-01T13:55:18.984+0800][0.853s] GC(3) User=0.01s Sys=0.00s Real=0.00s
[2023-07-01T13:55:18.984+0800][0.853s] GC(3) Concurrent Mark 4.979ms
[2023-07-01T13:55:18.984+0800][0.853s] GC(3) Concurrent Rebuild Remembered Sets and Scrub Regions
[2023-07-01T13:55:18.987+0800][0.856s] GC(3) Concurrent Rebuild Remembered Sets and Scrub Regions 2.708ms
[2023-07-01T13:55:18.987+0800][0.856s] GC(3) Pause Cleanup
[2023-07-01T13:55:18.987+0800][0.856s] GC(3) Pause Cleanup 28M->28M(512M) 0.069ms
[2023-07-01T13:55:18.987+0800][0.856s] GC(3) User=0.00s Sys=0.00s Real=0.00s
[2023-07-01T13:55:18.987+0800][0.856s] GC(3) Concurrent Clear Claimed Marks
[2023-07-01T13:55:18.987+0800][0.856s] GC(3) Concurrent Clear Claimed Marks 0.039ms
[2023-07-01T13:55:18.987+0800][0.856s] GC(3) Concurrent Cleanup for Next Mark
[2023-07-01T13:55:18.987+0800][0.856s] GC(3) Concurrent Cleanup for Next Mark 0.260ms
[2023-07-01T13:55:18.987+0800][0.856s] GC(3) Concurrent Mark Cycle 8.896ms
[2023-07-01T13:55:20.012+0800][1.881s] GC(4) Pause Young (Prepare Mixed) (Metadata GC Threshold)
[2023-07-01T13:55:20.012+0800][1.881s] GC(4) Using 9 workers of 9 for evacuation
[2023-07-01T13:55:20.015+0800][1.884s] GC(4)   Pre Evacuate Collection Set: 0.2ms
[2023-07-01T13:55:20.015+0800][1.884s] GC(4)   Merge Heap Roots: 0.0ms
[2023-07-01T13:55:20.015+0800][1.884s] GC(4)   Evacuate Collection Set: 2.1ms
[2023-07-01T13:55:20.015+0800][1.884s] GC(4)   Post Evacuate Collection Set: 0.3ms
[2023-07-01T13:55:20.015+0800][1.884s] GC(4)   Other: 0.0ms
[2023-07-01T13:55:20.015+0800][1.884s] GC(4) Eden regions: 90->0(295)
[2023-07-01T13:55:20.015+0800][1.884s] GC(4) Survivor regions: 1->12(12)
[2023-07-01T13:55:20.015+0800][1.884s] GC(4) Old regions: 21->21
[2023-07-01T13:55:20.015+0800][1.884s] GC(4) Archive regions: 2->2
[2023-07-01T13:55:20.015+0800][1.884s] GC(4) Humongous regions: 4->4
[2023-07-01T13:55:20.015+0800][1.884s] GC(4) Metaspace: 36058K(36480K)->36058K(36480K) NonClass: 32071K(32256K)->32071K(32256K) Class: 3986K(4224K)->3986K(4224K)
[2023-07-01T13:55:20.015+0800][1.884s] GC(4) Pause Young (Prepare Mixed) (Metadata GC Threshold) 116M->36M(512M) 2.776ms
[2023-07-01T13:55:20.015+0800][1.884s] GC(4) User=0.02s Sys=0.00s Real=0.00s
[2023-07-01T13:55:20.024+0800][1.893s] GC(5) Pause Young (Mixed) (Metadata GC Threshold)
[2023-07-01T13:55:20.024+0800][1.893s] GC(5) Using 9 workers of 9 for evacuation
[2023-07-01T13:55:20.027+0800][1.896s] GC(5)   Pre Evacuate Collection Set: 0.1ms
[2023-07-01T13:55:20.027+0800][1.896s] GC(5)   Merge Heap Roots: 0.0ms
[2023-07-01T13:55:20.027+0800][1.896s] GC(5)   Evacuate Collection Set: 1.9ms
[2023-07-01T13:55:20.027+0800][1.896s] GC(5)   Post Evacuate Collection Set: 0.3ms
[2023-07-01T13:55:20.027+0800][1.896s] GC(5)   Other: 0.0ms
[2023-07-01T13:55:20.027+0800][1.896s] GC(5) Eden regions: 3->0(294)
[2023-07-01T13:55:20.027+0800][1.896s] GC(5) Survivor regions: 12->13(39)
[2023-07-01T13:55:20.027+0800][1.896s] GC(5) Old regions: 21->21
[2023-07-01T13:55:20.027+0800][1.896s] GC(5) Archive regions: 2->2
[2023-07-01T13:55:20.027+0800][1.896s] GC(5) Humongous regions: 4->4
[2023-07-01T13:55:20.027+0800][1.896s] GC(5) Metaspace: 36364K(36800K)->36364K(36800K) NonClass: 32350K(32576K)->32350K(32576K) Class: 4014K(4224K)->4014K(4224K)
[2023-07-01T13:55:20.027+0800][1.896s] GC(5) Pause Young (Mixed) (Metadata GC Threshold) 39M->37M(512M) 2.390ms
[2023-07-01T13:55:20.027+0800][1.896s] GC(5) User=0.02s Sys=0.00s Real=0.00s
[2023-07-01T13:55:20.037+0800][1.906s] GC(6) Pause Young (Concurrent Start) (Metadata GC Threshold)
[2023-07-01T13:55:20.037+0800][1.906s] GC(6) Using 9 workers of 9 for evacuation
[2023-07-01T13:55:20.039+0800][1.908s] GC(6)   Pre Evacuate Collection Set: 0.1ms
[2023-07-01T13:55:20.039+0800][1.908s] GC(6)   Merge Heap Roots: 0.0ms
[2023-07-01T13:55:20.039+0800][1.908s] GC(6)   Evacuate Collection Set: 1.5ms
[2023-07-01T13:55:20.039+0800][1.908s] GC(6)   Post Evacuate Collection Set: 0.2ms
[2023-07-01T13:55:20.039+0800][1.908s] GC(6)   Other: 0.0ms
[2023-07-01T13:55:20.039+0800][1.908s] GC(6) Eden regions: 3->0(294)
[2023-07-01T13:55:20.039+0800][1.908s] GC(6) Survivor regions: 13->13(39)
[2023-07-01T13:55:20.039+0800][1.908s] GC(6) Old regions: 21->21
[2023-07-01T13:55:20.039+0800][1.908s] GC(6) Archive regions: 2->2
[2023-07-01T13:55:20.039+0800][1.908s] GC(6) Humongous regions: 4->4
[2023-07-01T13:55:20.039+0800][1.908s] GC(6) Metaspace: 36697K(37120K)->36697K(37120K) NonClass: 32648K(32832K)->32648K(32832K) Class: 4048K(4288K)->4048K(4288K)
[2023-07-01T13:55:20.039+0800][1.908s] GC(6) Pause Young (Concurrent Start) (Metadata GC Threshold) 39M->37M(512M) 2.051ms
[2023-07-01T13:55:20.039+0800][1.908s] GC(7) Concurrent Mark Cycle
[2023-07-01T13:55:20.039+0800][1.908s] GC(6) User=0.01s Sys=0.00s Real=0.00s
[2023-07-01T13:55:20.039+0800][1.908s] GC(7) Concurrent Scan Root Regions
[2023-07-01T13:55:20.041+0800][1.910s] GC(7) Concurrent Scan Root Regions 1.929ms
[2023-07-01T13:55:20.041+0800][1.910s] GC(7) Concurrent Mark
[2023-07-01T13:55:20.041+0800][1.910s] GC(7) Concurrent Mark From Roots
[2023-07-01T13:55:20.041+0800][1.910s] GC(7) Using 2 workers of 2 for marking
[2023-07-01T13:55:20.046+0800][1.915s] GC(7) Concurrent Mark From Roots 4.931ms
[2023-07-01T13:55:20.046+0800][1.915s] GC(7) Concurrent Preclean
[2023-07-01T13:55:20.046+0800][1.915s] GC(7) Concurrent Preclean 0.018ms
[2023-07-01T13:55:20.046+0800][1.915s] GC(7) Pause Remark
[2023-07-01T13:55:20.047+0800][1.916s] GC(7) Pause Remark 40M->40M(512M) 1.193ms
[2023-07-01T13:55:20.047+0800][1.916s] GC(7) User=0.00s Sys=0.01s Real=0.00s
[2023-07-01T13:55:20.047+0800][1.916s] GC(7) Concurrent Mark 6.264ms
[2023-07-01T13:55:20.047+0800][1.916s] GC(7) Concurrent Rebuild Remembered Sets and Scrub Regions
[2023-07-01T13:55:20.050+0800][1.919s] GC(7) Concurrent Rebuild Remembered Sets and Scrub Regions 2.849ms
[2023-07-01T13:55:20.050+0800][1.919s] GC(7) Pause Cleanup
[2023-07-01T13:55:20.050+0800][1.919s] GC(7) Pause Cleanup 40M->40M(512M) 0.064ms
[2023-07-01T13:55:20.050+0800][1.919s] GC(7) User=0.00s Sys=0.00s Real=0.00s
[2023-07-01T13:55:20.050+0800][1.919s] GC(7) Concurrent Clear Claimed Marks
[2023-07-01T13:55:20.050+0800][1.919s] GC(7) Concurrent Clear Claimed Marks 0.031ms
[2023-07-01T13:55:20.050+0800][1.919s] GC(7) Concurrent Cleanup for Next Mark
[2023-07-01T13:55:20.051+0800][1.920s] GC(7) Concurrent Cleanup for Next Mark 0.398ms
[2023-07-01T13:55:20.051+0800][1.920s] GC(7) Concurrent Mark Cycle 11.688ms
[2023-07-01T13:59:12.731+0800][234.596s] Heap
[2023-07-01T13:59:12.731+0800][234.596s]  garbage-first heap   total 524288K, used 201454K [0x00000007e0000000, 0x0000000800000000)
[2023-07-01T13:59:12.731+0800][234.596s]   region size 1024K, 172 young (176128K), 13 survivors (13312K)
[2023-07-01T13:59:12.731+0800][234.596s]  Metaspace       used 54607K, committed 55168K, reserved 1114112K
[2023-07-01T13:59:12.731+0800][234.596s]   class space    used 6330K, committed 6592K, reserved 1048576K
