[2023-07-01T13:59:17.033+0800][0.004s] CardTable entry size: 512
[2023-07-01T13:59:17.033+0800][0.004s] Using G1
[2023-07-01T13:59:17.067+0800][0.038s] Version: 20.0.1+9-29 (release)
[2023-07-01T13:59:17.067+0800][0.038s] CPUs: 10 total, 10 available
[2023-07-01T13:59:17.067+0800][0.038s] Memory: 16384M
[2023-07-01T13:59:17.067+0800][0.038s] Large Page Support: Disabled
[2023-07-01T13:59:17.067+0800][0.038s] NUMA Support: Disabled
[2023-07-01T13:59:17.067+0800][0.038s] Compressed Oops: Enabled (Zero based)
[2023-07-01T13:59:17.067+0800][0.038s] Heap Region Size: 1M
[2023-07-01T13:59:17.067+0800][0.038s] Heap Min Capacity: 512M
[2023-07-01T13:59:17.067+0800][0.038s] Heap Initial Capacity: 512M
[2023-07-01T13:59:17.067+0800][0.038s] Heap Max Capacity: 512M
[2023-07-01T13:59:17.067+0800][0.038s] Pre-touch: Enabled
[2023-07-01T13:59:17.067+0800][0.038s] Parallel Workers: 9
[2023-07-01T13:59:17.067+0800][0.038s] Concurrent Workers: 2
[2023-07-01T13:59:17.067+0800][0.038s] Concurrent Refinement Workers: 9
[2023-07-01T13:59:17.067+0800][0.038s] Periodic GC: Disabled
[2023-07-01T13:59:17.067+0800][0.038s] CDS archive(s) mapped at: [0x0000000800000000-0x0000000800c6c000-0x0000000800c6c000), size 13025280, SharedBaseAddress: 0x0000000800000000, ArchiveRelocationMode: 0.
[2023-07-01T13:59:17.067+0800][0.038s] Compressed class space mapped at: 0x0000000801000000-0x0000000841000000, reserved size: 1073741824
[2023-07-01T13:59:17.067+0800][0.038s] Narrow klass base: 0x0000000800000000, Narrow klass shift: 0, Narrow klass range: 0x100000000
[2023-07-01T13:59:17.493+0800][0.463s] GC(0) Pause Young (Normal) (G1 Evacuation Pause)
[2023-07-01T13:59:17.493+0800][0.464s] GC(0) Using 9 workers of 9 for evacuation
[2023-07-01T13:59:17.495+0800][0.466s] GC(0)   Pre Evacuate Collection Set: 0.1ms
[2023-07-01T13:59:17.495+0800][0.466s] GC(0)   Merge Heap Roots: 0.0ms
[2023-07-01T13:59:17.495+0800][0.466s] GC(0)   Evacuate Collection Set: 1.4ms
[2023-07-01T13:59:17.495+0800][0.466s] GC(0)   Post Evacuate Collection Set: 0.3ms
[2023-07-01T13:59:17.495+0800][0.466s] GC(0)   Other: 0.2ms
[2023-07-01T13:59:17.495+0800][0.466s] GC(0) Eden regions: 29->0(60)
[2023-07-01T13:59:17.495+0800][0.466s] GC(0) Survivor regions: 0->4(4)
[2023-07-01T13:59:17.495+0800][0.466s] GC(0) Old regions: 0->2
[2023-07-01T13:59:17.495+0800][0.466s] GC(0) Archive regions: 2->2
[2023-07-01T13:59:17.495+0800][0.466s] GC(0) Humongous regions: 4->4
[2023-07-01T13:59:17.495+0800][0.466s] GC(0) Metaspace: 10136K(10368K)->10136K(10368K) NonClass: 8949K(9088K)->8949K(9088K) Class: 1187K(1280K)->1187K(1280K)
[2023-07-01T13:59:17.495+0800][0.466s] GC(0) Pause Young (Normal) (G1 Evacuation Pause) 33M->10M(512M) 2.208ms
[2023-07-01T13:59:17.495+0800][0.466s] GC(0) User=0.01s Sys=0.00s Real=0.00s
[2023-07-01T13:59:17.769+0800][0.740s] GC(1) Pause Young (Normal) (G1 Evacuation Pause)
[2023-07-01T13:59:17.769+0800][0.740s] GC(1) Using 9 workers of 9 for evacuation
[2023-07-01T13:59:17.773+0800][0.744s] GC(1)   Pre Evacuate Collection Set: 0.1ms
[2023-07-01T13:59:17.773+0800][0.744s] GC(1)   Merge Heap Roots: 0.1ms
[2023-07-01T13:59:17.773+0800][0.744s] GC(1)   Evacuate Collection Set: 3.1ms
[2023-07-01T13:59:17.773+0800][0.744s] GC(1)   Post Evacuate Collection Set: 0.5ms
[2023-07-01T13:59:17.773+0800][0.744s] GC(1)   Other: 0.0ms
[2023-07-01T13:59:17.773+0800][0.744s] GC(1) Eden regions: 60->0(66)
[2023-07-01T13:59:17.773+0800][0.744s] GC(1) Survivor regions: 4->8(8)
[2023-07-01T13:59:17.773+0800][0.744s] GC(1) Old regions: 2->12
[2023-07-01T13:59:17.773+0800][0.744s] GC(1) Archive regions: 2->2
[2023-07-01T13:59:17.773+0800][0.744s] GC(1) Humongous regions: 4->4
[2023-07-01T13:59:17.773+0800][0.744s] GC(1) Metaspace: 19020K(19392K)->19020K(19392K) NonClass: 16831K(17024K)->16831K(17024K) Class: 2188K(2368K)->2188K(2368K)
[2023-07-01T13:59:17.773+0800][0.744s] GC(1) Pause Young (Normal) (G1 Evacuation Pause) 70M->24M(512M) 3.888ms
[2023-07-01T13:59:17.773+0800][0.744s] GC(1) User=0.02s Sys=0.00s Real=0.01s
[2023-07-01T13:59:17.814+0800][0.785s] GC(2) Pause Young (Concurrent Start) (Metadata GC Threshold)
[2023-07-01T13:59:17.814+0800][0.785s] GC(2) Using 9 workers of 9 for evacuation
[2023-07-01T13:59:17.816+0800][0.787s] GC(2)   Pre Evacuate Collection Set: 0.1ms
[2023-07-01T13:59:17.816+0800][0.787s] GC(2)   Merge Heap Roots: 0.0ms
[2023-07-01T13:59:17.816+0800][0.787s] GC(2)   Evacuate Collection Set: 1.6ms
[2023-07-01T13:59:17.816+0800][0.787s] GC(2)   Post Evacuate Collection Set: 0.3ms
[2023-07-01T13:59:17.816+0800][0.787s] GC(2)   Other: 0.0ms
[2023-07-01T13:59:17.816+0800][0.787s] GC(2) Eden regions: 16->0(85)
[2023-07-01T13:59:17.816+0800][0.787s] GC(2) Survivor regions: 8->1(9)
[2023-07-01T13:59:17.816+0800][0.787s] GC(2) Old regions: 12->21
[2023-07-01T13:59:17.816+0800][0.787s] GC(2) Archive regions: 2->2
[2023-07-01T13:59:17.816+0800][0.787s] GC(2) Humongous regions: 4->4
[2023-07-01T13:59:17.816+0800][0.787s] GC(2) Metaspace: 21105K(21504K)->21105K(21504K) NonClass: 18743K(18944K)->18743K(18944K) Class: 2361K(2560K)->2361K(2560K)
[2023-07-01T13:59:17.816+0800][0.787s] GC(2) Pause Young (Concurrent Start) (Metadata GC Threshold) 40M->26M(512M) 2.234ms
[2023-07-01T13:59:17.816+0800][0.787s] GC(2) User=0.01s Sys=0.00s Real=0.00s
[2023-07-01T13:59:17.816+0800][0.787s] GC(3) Concurrent Mark Cycle
[2023-07-01T13:59:17.816+0800][0.787s] GC(3) Concurrent Scan Root Regions
[2023-07-01T13:59:17.817+0800][0.788s] GC(3) Concurrent Scan Root Regions 0.737ms
[2023-07-01T13:59:17.817+0800][0.788s] GC(3) Concurrent Mark
[2023-07-01T13:59:17.817+0800][0.788s] GC(3) Concurrent Mark From Roots
[2023-07-01T13:59:17.817+0800][0.788s] GC(3) Using 2 workers of 2 for marking
[2023-07-01T13:59:17.821+0800][0.792s] GC(3) Concurrent Mark From Roots 4.010ms
[2023-07-01T13:59:17.821+0800][0.792s] GC(3) Concurrent Preclean
[2023-07-01T13:59:17.821+0800][0.792s] GC(3) Concurrent Preclean 0.017ms
[2023-07-01T13:59:17.821+0800][0.792s] GC(3) Pause Remark
[2023-07-01T13:59:17.822+0800][0.793s] GC(3) Pause Remark 28M->28M(512M) 0.916ms
[2023-07-01T13:59:17.822+0800][0.793s] GC(3) User=0.01s Sys=0.00s Real=0.00s
[2023-07-01T13:59:17.822+0800][0.793s] GC(3) Concurrent Mark 5.068ms
[2023-07-01T13:59:17.822+0800][0.793s] GC(3) Concurrent Rebuild Remembered Sets and Scrub Regions
[2023-07-01T13:59:17.825+0800][0.796s] GC(3) Concurrent Rebuild Remembered Sets and Scrub Regions 2.791ms
[2023-07-01T13:59:17.825+0800][0.796s] GC(3) Pause Cleanup
[2023-07-01T13:59:17.825+0800][0.796s] GC(3) Pause Cleanup 29M->29M(512M) 0.067ms
[2023-07-01T13:59:17.825+0800][0.796s] GC(3) User=0.00s Sys=0.00s Real=0.00s
[2023-07-01T13:59:17.825+0800][0.796s] GC(3) Concurrent Clear Claimed Marks
[2023-07-01T13:59:17.825+0800][0.796s] GC(3) Concurrent Clear Claimed Marks 0.010ms
[2023-07-01T13:59:17.825+0800][0.796s] GC(3) Concurrent Cleanup for Next Mark
[2023-07-01T13:59:17.826+0800][0.796s] GC(3) Concurrent Cleanup for Next Mark 0.364ms
[2023-07-01T13:59:17.826+0800][0.796s] GC(3) Concurrent Mark Cycle 9.188ms
[2023-07-01T13:59:18.796+0800][1.767s] GC(4) Pause Young (Prepare Mixed) (G1 Evacuation Pause)
[2023-07-01T13:59:18.796+0800][1.767s] GC(4) Using 9 workers of 9 for evacuation
[2023-07-01T13:59:18.799+0800][1.769s] GC(4)   Pre Evacuate Collection Set: 0.1ms
[2023-07-01T13:59:18.799+0800][1.769s] GC(4)   Merge Heap Roots: 0.1ms
[2023-07-01T13:59:18.799+0800][1.769s] GC(4)   Evacuate Collection Set: 1.9ms
[2023-07-01T13:59:18.799+0800][1.769s] GC(4)   Post Evacuate Collection Set: 0.4ms
[2023-07-01T13:59:18.799+0800][1.769s] GC(4)   Other: 0.0ms
[2023-07-01T13:59:18.799+0800][1.769s] GC(4) Eden regions: 86->0(296)
[2023-07-01T13:59:18.799+0800][1.769s] GC(4) Survivor regions: 1->11(11)
[2023-07-01T13:59:18.799+0800][1.769s] GC(4) Old regions: 21->21
[2023-07-01T13:59:18.799+0800][1.769s] GC(4) Archive regions: 2->2
[2023-07-01T13:59:18.799+0800][1.769s] GC(4) Humongous regions: 4->4
[2023-07-01T13:59:18.799+0800][1.769s] GC(4) Metaspace: 35685K(36096K)->35685K(36096K) NonClass: 31741K(32000K)->31741K(32000K) Class: 3943K(4096K)->3943K(4096K)
[2023-07-01T13:59:18.799+0800][1.769s] GC(4) Pause Young (Prepare Mixed) (G1 Evacuation Pause) 112M->36M(512M) 2.647ms
[2023-07-01T13:59:18.799+0800][1.769s] GC(4) User=0.02s Sys=0.00s Real=0.00s
[2023-07-01T13:59:18.817+0800][1.788s] GC(5) Pause Young (Mixed) (Metadata GC Threshold)
[2023-07-01T13:59:18.817+0800][1.788s] GC(5) Using 9 workers of 9 for evacuation
[2023-07-01T13:59:18.819+0800][1.790s] GC(5)   Pre Evacuate Collection Set: 0.1ms
[2023-07-01T13:59:18.819+0800][1.790s] GC(5)   Merge Heap Roots: 0.0ms
[2023-07-01T13:59:18.819+0800][1.790s] GC(5)   Evacuate Collection Set: 1.5ms
[2023-07-01T13:59:18.819+0800][1.790s] GC(5)   Post Evacuate Collection Set: 0.2ms
[2023-07-01T13:59:18.819+0800][1.790s] GC(5)   Other: 0.0ms
[2023-07-01T13:59:18.819+0800][1.790s] GC(5) Eden regions: 4->0(295)
[2023-07-01T13:59:18.819+0800][1.790s] GC(5) Survivor regions: 11->12(39)
[2023-07-01T13:59:18.819+0800][1.790s] GC(5) Old regions: 21->21
[2023-07-01T13:59:18.819+0800][1.790s] GC(5) Archive regions: 2->2
[2023-07-01T13:59:18.819+0800][1.790s] GC(5) Humongous regions: 4->4
[2023-07-01T13:59:18.819+0800][1.790s] GC(5) Metaspace: 35996K(36480K)->35996K(36480K) NonClass: 32019K(32256K)->32019K(32256K) Class: 3976K(4224K)->3976K(4224K)
[2023-07-01T13:59:18.819+0800][1.790s] GC(5) Pause Young (Mixed) (Metadata GC Threshold) 40M->37M(512M) 1.963ms
[2023-07-01T13:59:18.819+0800][1.790s] GC(5) User=0.02s Sys=0.00s Real=0.00s
[2023-07-01T13:59:18.828+0800][1.799s] GC(6) Pause Young (Concurrent Start) (Metadata GC Threshold)
[2023-07-01T13:59:18.828+0800][1.799s] GC(6) Using 9 workers of 9 for evacuation
[2023-07-01T13:59:18.830+0800][1.801s] GC(6)   Pre Evacuate Collection Set: 0.1ms
[2023-07-01T13:59:18.830+0800][1.801s] GC(6)   Merge Heap Roots: 0.0ms
[2023-07-01T13:59:18.830+0800][1.801s] GC(6)   Evacuate Collection Set: 1.5ms
[2023-07-01T13:59:18.830+0800][1.801s] GC(6)   Post Evacuate Collection Set: 0.3ms
[2023-07-01T13:59:18.830+0800][1.801s] GC(6)   Other: 0.0ms
[2023-07-01T13:59:18.830+0800][1.801s] GC(6) Eden regions: 3->0(294)
[2023-07-01T13:59:18.830+0800][1.801s] GC(6) Survivor regions: 12->13(39)
[2023-07-01T13:59:18.830+0800][1.801s] GC(6) Old regions: 21->21
[2023-07-01T13:59:18.830+0800][1.801s] GC(6) Archive regions: 2->2
[2023-07-01T13:59:18.830+0800][1.801s] GC(6) Humongous regions: 4->4
[2023-07-01T13:59:18.830+0800][1.801s] GC(6) Metaspace: 36369K(36800K)->36369K(36800K) NonClass: 32359K(32576K)->32359K(32576K) Class: 4010K(4224K)->4010K(4224K)
[2023-07-01T13:59:18.830+0800][1.801s] GC(6) Pause Young (Concurrent Start) (Metadata GC Threshold) 40M->38M(512M) 2.105ms
[2023-07-01T13:59:18.830+0800][1.801s] GC(6) User=0.01s Sys=0.00s Real=0.01s
[2023-07-01T13:59:18.830+0800][1.801s] GC(7) Concurrent Mark Cycle
[2023-07-01T13:59:18.831+0800][1.801s] GC(7) Concurrent Scan Root Regions
[2023-07-01T13:59:18.832+0800][1.803s] GC(7) Concurrent Scan Root Regions 1.862ms
[2023-07-01T13:59:18.832+0800][1.803s] GC(7) Concurrent Mark
[2023-07-01T13:59:18.832+0800][1.803s] GC(7) Concurrent Mark From Roots
[2023-07-01T13:59:18.832+0800][1.803s] GC(7) Using 2 workers of 2 for marking
[2023-07-01T13:59:18.837+0800][1.808s] GC(7) Concurrent Mark From Roots 4.914ms
[2023-07-01T13:59:18.837+0800][1.808s] GC(7) Concurrent Preclean
[2023-07-01T13:59:18.837+0800][1.808s] GC(7) Concurrent Preclean 0.029ms
[2023-07-01T13:59:18.838+0800][1.808s] GC(7) Pause Remark
[2023-07-01T13:59:18.839+0800][1.810s] GC(7) Pause Remark 41M->41M(512M) 1.297ms
[2023-07-01T13:59:18.839+0800][1.810s] GC(7) User=0.00s Sys=0.00s Real=0.00s
[2023-07-01T13:59:18.839+0800][1.810s] GC(7) Concurrent Mark 6.491ms
[2023-07-01T13:59:18.839+0800][1.810s] GC(7) Concurrent Rebuild Remembered Sets and Scrub Regions
[2023-07-01T13:59:18.842+0800][1.813s] GC(7) Concurrent Rebuild Remembered Sets and Scrub Regions 2.924ms
[2023-07-01T13:59:18.842+0800][1.813s] GC(7) Pause Cleanup
[2023-07-01T13:59:18.842+0800][1.813s] GC(7) Pause Cleanup 41M->41M(512M) 0.080ms
[2023-07-01T13:59:18.842+0800][1.813s] GC(7) User=0.00s Sys=0.00s Real=0.00s
[2023-07-01T13:59:18.842+0800][1.813s] GC(7) Concurrent Clear Claimed Marks
[2023-07-01T13:59:18.842+0800][1.813s] GC(7) Concurrent Clear Claimed Marks 0.010ms
[2023-07-01T13:59:18.842+0800][1.813s] GC(7) Concurrent Cleanup for Next Mark
[2023-07-01T13:59:18.842+0800][1.813s] GC(7) Concurrent Cleanup for Next Mark 0.367ms
[2023-07-01T13:59:18.842+0800][1.813s] GC(7) Concurrent Mark Cycle 11.947ms
[2023-07-01T13:59:45.853+0800][28.823s] Heap
[2023-07-01T13:59:45.853+0800][28.823s]  garbage-first heap   total 524288K, used 198776K [0x00000007e0000000, 0x0000000800000000)
[2023-07-01T13:59:45.853+0800][28.823s]   region size 1024K, 169 young (173056K), 13 survivors (13312K)
[2023-07-01T13:59:45.853+0800][28.823s]  Metaspace       used 53290K, committed 53888K, reserved 1114112K
[2023-07-01T13:59:45.853+0800][28.823s]   class space    used 6173K, committed 6464K, reserved 1048576K
