[2023-07-01T13:36:56.664+0800][0.003s] CardTable entry size: 512
[2023-07-01T13:36:56.664+0800][0.003s] Using G1
[2023-07-01T13:36:56.697+0800][0.036s] Version: 20.0.1+9-29 (release)
[2023-07-01T13:36:56.697+0800][0.036s] CPUs: 10 total, 10 available
[2023-07-01T13:36:56.697+0800][0.036s] Memory: 16384M
[2023-07-01T13:36:56.697+0800][0.036s] Large Page Support: Disabled
[2023-07-01T13:36:56.697+0800][0.036s] NUMA Support: Disabled
[2023-07-01T13:36:56.697+0800][0.036s] Compressed Oops: Enabled (Zero based)
[2023-07-01T13:36:56.697+0800][0.036s] Heap Region Size: 1M
[2023-07-01T13:36:56.697+0800][0.036s] Heap Min Capacity: 512M
[2023-07-01T13:36:56.697+0800][0.036s] Heap Initial Capacity: 512M
[2023-07-01T13:36:56.697+0800][0.036s] Heap Max Capacity: 512M
[2023-07-01T13:36:56.697+0800][0.036s] Pre-touch: Enabled
[2023-07-01T13:36:56.697+0800][0.036s] Parallel Workers: 9
[2023-07-01T13:36:56.697+0800][0.036s] Concurrent Workers: 2
[2023-07-01T13:36:56.697+0800][0.036s] Concurrent Refinement Workers: 9
[2023-07-01T13:36:56.697+0800][0.036s] Periodic GC: Disabled
[2023-07-01T13:36:56.697+0800][0.036s] CDS archive(s) mapped at: [0x0000000800000000-0x0000000800c6c000-0x0000000800c6c000), size 13025280, SharedBaseAddress: 0x0000000800000000, ArchiveRelocationMode: 0.
[2023-07-01T13:36:56.697+0800][0.036s] Compressed class space mapped at: 0x0000000801000000-0x0000000841000000, reserved size: 1073741824
[2023-07-01T13:36:56.697+0800][0.036s] Narrow klass base: 0x0000000800000000, Narrow klass shift: 0, Narrow klass range: 0x100000000
[2023-07-01T13:36:57.186+0800][0.524s] GC(0) Pause Young (Normal) (G1 Evacuation Pause)
[2023-07-01T13:36:57.186+0800][0.525s] GC(0) Using 9 workers of 9 for evacuation
[2023-07-01T13:36:57.187+0800][0.526s] GC(0)   Pre Evacuate Collection Set: 0.1ms
[2023-07-01T13:36:57.187+0800][0.526s] GC(0)   Merge Heap Roots: 0.0ms
[2023-07-01T13:36:57.187+0800][0.526s] GC(0)   Evacuate Collection Set: 1.3ms
[2023-07-01T13:36:57.187+0800][0.526s] GC(0)   Post Evacuate Collection Set: 0.2ms
[2023-07-01T13:36:57.187+0800][0.526s] GC(0)   Other: 0.2ms
[2023-07-01T13:36:57.187+0800][0.526s] GC(0) Eden regions: 29->0(59)
[2023-07-01T13:36:57.187+0800][0.526s] GC(0) Survivor regions: 0->4(4)
[2023-07-01T13:36:57.187+0800][0.526s] GC(0) Old regions: 0->2
[2023-07-01T13:36:57.188+0800][0.526s] GC(0) Archive regions: 2->2
[2023-07-01T13:36:57.188+0800][0.526s] GC(0) Humongous regions: 4->4
[2023-07-01T13:36:57.188+0800][0.526s] GC(0) Metaspace: 10142K(10432K)->10142K(10432K) NonClass: 8955K(9152K)->8955K(9152K) Class: 1187K(1280K)->1187K(1280K)
[2023-07-01T13:36:57.188+0800][0.526s] GC(0) Pause Young (Normal) (G1 Evacuation Pause) 33M->10M(512M) 1.928ms
[2023-07-01T13:36:57.188+0800][0.526s] GC(0) User=0.01s Sys=0.00s Real=0.00s
[2023-07-01T13:36:57.505+0800][0.844s] GC(1) Pause Young (Normal) (G1 Evacuation Pause)
[2023-07-01T13:36:57.505+0800][0.844s] GC(1) Using 9 workers of 9 for evacuation
[2023-07-01T13:36:57.509+0800][0.848s] GC(1)   Pre Evacuate Collection Set: 0.1ms
[2023-07-01T13:36:57.509+0800][0.848s] GC(1)   Merge Heap Roots: 0.1ms
[2023-07-01T13:36:57.509+0800][0.848s] GC(1)   Evacuate Collection Set: 3.0ms
[2023-07-01T13:36:57.509+0800][0.848s] GC(1)   Post Evacuate Collection Set: 0.4ms
[2023-07-01T13:36:57.509+0800][0.848s] GC(1)   Other: 0.0ms
[2023-07-01T13:36:57.509+0800][0.848s] GC(1) Eden regions: 59->0(65)
[2023-07-01T13:36:57.509+0800][0.848s] GC(1) Survivor regions: 4->8(8)
[2023-07-01T13:36:57.509+0800][0.848s] GC(1) Old regions: 2->13
[2023-07-01T13:36:57.509+0800][0.848s] GC(1) Archive regions: 2->2
[2023-07-01T13:36:57.509+0800][0.848s] GC(1) Humongous regions: 4->4
[2023-07-01T13:36:57.509+0800][0.848s] GC(1) Metaspace: 19041K(19456K)->19041K(19456K) NonClass: 16852K(17088K)->16852K(17088K) Class: 2189K(2368K)->2189K(2368K)
[2023-07-01T13:36:57.509+0800][0.848s] GC(1) Pause Young (Normal) (G1 Evacuation Pause) 69M->25M(512M) 3.759ms
[2023-07-01T13:36:57.509+0800][0.848s] GC(1) User=0.03s Sys=0.00s Real=0.00s
[2023-07-01T13:36:57.557+0800][0.896s] GC(2) Pause Young (Concurrent Start) (Metadata GC Threshold)
[2023-07-01T13:36:57.557+0800][0.896s] GC(2) Using 9 workers of 9 for evacuation
[2023-07-01T13:36:57.559+0800][0.898s] GC(2)   Pre Evacuate Collection Set: 0.1ms
[2023-07-01T13:36:57.559+0800][0.898s] GC(2)   Merge Heap Roots: 0.0ms
[2023-07-01T13:36:57.559+0800][0.898s] GC(2)   Evacuate Collection Set: 1.6ms
[2023-07-01T13:36:57.559+0800][0.898s] GC(2)   Post Evacuate Collection Set: 0.2ms
[2023-07-01T13:36:57.559+0800][0.898s] GC(2)   Other: 0.0ms
[2023-07-01T13:36:57.559+0800][0.898s] GC(2) Eden regions: 17->0(95)
[2023-07-01T13:36:57.559+0800][0.898s] GC(2) Survivor regions: 8->1(9)
[2023-07-01T13:36:57.559+0800][0.898s] GC(2) Old regions: 13->21
[2023-07-01T13:36:57.559+0800][0.898s] GC(2) Archive regions: 2->2
[2023-07-01T13:36:57.559+0800][0.898s] GC(2) Humongous regions: 4->4
[2023-07-01T13:36:57.559+0800][0.898s] GC(2) Metaspace: 21136K(21504K)->21136K(21504K) NonClass: 18775K(18944K)->18775K(18944K) Class: 2360K(2560K)->2360K(2560K)
[2023-07-01T13:36:57.559+0800][0.898s] GC(2) Pause Young (Concurrent Start) (Metadata GC Threshold) 41M->26M(512M) 2.124ms
[2023-07-01T13:36:57.559+0800][0.898s] GC(3) Concurrent Mark Cycle
[2023-07-01T13:36:57.559+0800][0.898s] GC(2) User=0.02s Sys=0.00s Real=0.00s
[2023-07-01T13:36:57.559+0800][0.898s] GC(3) Concurrent Scan Root Regions
[2023-07-01T13:36:57.560+0800][0.899s] GC(3) Concurrent Scan Root Regions 0.845ms
[2023-07-01T13:36:57.560+0800][0.899s] GC(3) Concurrent Mark
[2023-07-01T13:36:57.560+0800][0.899s] GC(3) Concurrent Mark From Roots
[2023-07-01T13:36:57.560+0800][0.899s] GC(3) Using 2 workers of 2 for marking
[2023-07-01T13:36:57.563+0800][0.902s] GC(3) Concurrent Mark From Roots 3.500ms
[2023-07-01T13:36:57.563+0800][0.902s] GC(3) Concurrent Preclean
[2023-07-01T13:36:57.563+0800][0.902s] GC(3) Concurrent Preclean 0.017ms
[2023-07-01T13:36:57.563+0800][0.902s] GC(3) Pause Remark
[2023-07-01T13:36:57.564+0800][0.903s] GC(3) Pause Remark 27M->27M(512M) 0.820ms
[2023-07-01T13:36:57.564+0800][0.903s] GC(3) User=0.01s Sys=0.00s Real=0.00s
[2023-07-01T13:36:57.564+0800][0.903s] GC(3) Concurrent Mark 4.478ms
[2023-07-01T13:36:57.564+0800][0.903s] GC(3) Concurrent Rebuild Remembered Sets and Scrub Regions
[2023-07-01T13:36:57.567+0800][0.905s] GC(3) Concurrent Rebuild Remembered Sets and Scrub Regions 2.202ms
[2023-07-01T13:36:57.567+0800][0.905s] GC(3) Pause Cleanup
[2023-07-01T13:36:57.567+0800][0.905s] GC(3) Pause Cleanup 28M->28M(512M) 0.074ms
[2023-07-01T13:36:57.567+0800][0.906s] GC(3) User=0.00s Sys=0.00s Real=0.00s
[2023-07-01T13:36:57.567+0800][0.906s] GC(3) Concurrent Clear Claimed Marks
[2023-07-01T13:36:57.567+0800][0.906s] GC(3) Concurrent Clear Claimed Marks 0.024ms
[2023-07-01T13:36:57.567+0800][0.906s] GC(3) Concurrent Cleanup for Next Mark
[2023-07-01T13:36:57.567+0800][0.906s] GC(3) Concurrent Cleanup for Next Mark 0.268ms
[2023-07-01T13:36:57.567+0800][0.906s] GC(3) Concurrent Mark Cycle 8.022ms
[2023-07-01T13:36:58.573+0800][1.911s] GC(4) Pause Young (Prepare Mixed) (Metadata GC Threshold)
[2023-07-01T13:36:58.573+0800][1.911s] GC(4) Using 9 workers of 9 for evacuation
[2023-07-01T13:36:58.576+0800][1.915s] GC(4)   Pre Evacuate Collection Set: 0.1ms
[2023-07-01T13:36:58.576+0800][1.915s] GC(4)   Merge Heap Roots: 0.0ms
[2023-07-01T13:36:58.576+0800][1.915s] GC(4)   Evacuate Collection Set: 2.5ms
[2023-07-01T13:36:58.576+0800][1.915s] GC(4)   Post Evacuate Collection Set: 0.3ms
[2023-07-01T13:36:58.576+0800][1.915s] GC(4)   Other: 0.0ms
[2023-07-01T13:36:58.576+0800][1.915s] GC(4) Eden regions: 93->0(295)
[2023-07-01T13:36:58.576+0800][1.915s] GC(4) Survivor regions: 1->12(13)
[2023-07-01T13:36:58.576+0800][1.915s] GC(4) Old regions: 21->21
[2023-07-01T13:36:58.576+0800][1.915s] GC(4) Archive regions: 2->2
[2023-07-01T13:36:58.576+0800][1.915s] GC(4) Humongous regions: 4->4
[2023-07-01T13:36:58.576+0800][1.915s] GC(4) Metaspace: 35967K(36416K)->35967K(36416K) NonClass: 31999K(32256K)->31999K(32256K) Class: 3968K(4160K)->3968K(4160K)
[2023-07-01T13:36:58.576+0800][1.915s] GC(4) Pause Young (Prepare Mixed) (Metadata GC Threshold) 118M->36M(512M) 3.210ms
[2023-07-01T13:36:58.576+0800][1.915s] GC(4) User=0.02s Sys=0.01s Real=0.00s
[2023-07-01T13:36:58.588+0800][1.927s] GC(5) Pause Young (Mixed) (Metadata GC Threshold)
[2023-07-01T13:36:58.588+0800][1.927s] GC(5) Using 9 workers of 9 for evacuation
[2023-07-01T13:36:58.590+0800][1.929s] GC(5)   Pre Evacuate Collection Set: 0.1ms
[2023-07-01T13:36:58.590+0800][1.929s] GC(5)   Merge Heap Roots: 0.0ms
[2023-07-01T13:36:58.590+0800][1.929s] GC(5)   Evacuate Collection Set: 1.5ms
[2023-07-01T13:36:58.590+0800][1.929s] GC(5)   Post Evacuate Collection Set: 0.3ms
[2023-07-01T13:36:58.590+0800][1.929s] GC(5)   Other: 0.0ms
[2023-07-01T13:36:58.590+0800][1.929s] GC(5) Eden regions: 3->0(295)
[2023-07-01T13:36:58.590+0800][1.929s] GC(5) Survivor regions: 12->12(39)
[2023-07-01T13:36:58.590+0800][1.929s] GC(5) Old regions: 21->20
[2023-07-01T13:36:58.590+0800][1.929s] GC(5) Archive regions: 2->2
[2023-07-01T13:36:58.590+0800][1.929s] GC(5) Humongous regions: 4->4
[2023-07-01T13:36:58.590+0800][1.929s] GC(5) Metaspace: 36315K(36736K)->36315K(36736K) NonClass: 32308K(32512K)->32308K(32512K) Class: 4006K(4224K)->4006K(4224K)
[2023-07-01T13:36:58.591+0800][1.929s] GC(5) Pause Young (Mixed) (Metadata GC Threshold) 39M->36M(512M) 2.071ms
[2023-07-01T13:36:58.591+0800][1.929s] GC(5) User=0.01s Sys=0.00s Real=0.01s
[2023-07-01T13:36:58.600+0800][1.939s] GC(6) Pause Young (Concurrent Start) (Metadata GC Threshold)
[2023-07-01T13:36:58.600+0800][1.939s] GC(6) Using 9 workers of 9 for evacuation
[2023-07-01T13:36:58.602+0800][1.941s] GC(6)   Pre Evacuate Collection Set: 0.1ms
[2023-07-01T13:36:58.602+0800][1.941s] GC(6)   Merge Heap Roots: 0.0ms
[2023-07-01T13:36:58.602+0800][1.941s] GC(6)   Evacuate Collection Set: 1.8ms
[2023-07-01T13:36:58.602+0800][1.941s] GC(6)   Post Evacuate Collection Set: 0.2ms
[2023-07-01T13:36:58.602+0800][1.941s] GC(6)   Other: 0.0ms
[2023-07-01T13:36:58.602+0800][1.941s] GC(6) Eden regions: 3->0(294)
[2023-07-01T13:36:58.602+0800][1.941s] GC(6) Survivor regions: 12->13(39)
[2023-07-01T13:36:58.602+0800][1.941s] GC(6) Old regions: 20->20
[2023-07-01T13:36:58.602+0800][1.941s] GC(6) Archive regions: 2->2
[2023-07-01T13:36:58.602+0800][1.941s] GC(6) Humongous regions: 4->4
[2023-07-01T13:36:58.602+0800][1.941s] GC(6) Metaspace: 36636K(37056K)->36636K(37056K) NonClass: 32602K(32832K)->32602K(32832K) Class: 4033K(4224K)->4033K(4224K)
[2023-07-01T13:36:58.602+0800][1.941s] GC(6) Pause Young (Concurrent Start) (Metadata GC Threshold) 39M->36M(512M) 2.263ms
[2023-07-01T13:36:58.602+0800][1.941s] GC(7) Concurrent Mark Cycle
[2023-07-01T13:36:58.602+0800][1.941s] GC(6) User=0.02s Sys=0.00s Real=0.00s
[2023-07-01T13:36:58.602+0800][1.941s] GC(7) Concurrent Scan Root Regions
[2023-07-01T13:36:58.604+0800][1.943s] GC(7) Concurrent Scan Root Regions 1.908ms
[2023-07-01T13:36:58.604+0800][1.943s] GC(7) Concurrent Mark
[2023-07-01T13:36:58.604+0800][1.943s] GC(7) Concurrent Mark From Roots
[2023-07-01T13:36:58.604+0800][1.943s] GC(7) Using 2 workers of 2 for marking
[2023-07-01T13:36:58.609+0800][1.948s] GC(7) Concurrent Mark From Roots 5.143ms
[2023-07-01T13:36:58.609+0800][1.948s] GC(7) Concurrent Preclean
[2023-07-01T13:36:58.609+0800][1.948s] GC(7) Concurrent Preclean 0.022ms
[2023-07-01T13:36:58.610+0800][1.948s] GC(7) Pause Remark
[2023-07-01T13:36:58.611+0800][1.950s] GC(7) Pause Remark 38M->38M(512M) 1.207ms
[2023-07-01T13:36:58.611+0800][1.950s] GC(7) User=0.01s Sys=0.00s Real=0.00s
[2023-07-01T13:36:58.611+0800][1.950s] GC(7) Concurrent Mark 6.630ms
[2023-07-01T13:36:58.611+0800][1.950s] GC(7) Concurrent Rebuild Remembered Sets and Scrub Regions
[2023-07-01T13:36:58.613+0800][1.952s] GC(7) Concurrent Rebuild Remembered Sets and Scrub Regions 2.505ms
[2023-07-01T13:36:58.613+0800][1.952s] GC(7) Pause Cleanup
[2023-07-01T13:36:58.614+0800][1.952s] GC(7) Pause Cleanup 39M->39M(512M) 0.073ms
[2023-07-01T13:36:58.614+0800][1.952s] GC(7) User=0.00s Sys=0.00s Real=0.00s
[2023-07-01T13:36:58.614+0800][1.952s] GC(7) Concurrent Clear Claimed Marks
[2023-07-01T13:36:58.614+0800][1.952s] GC(7) Concurrent Clear Claimed Marks 0.022ms
[2023-07-01T13:36:58.614+0800][1.952s] GC(7) Concurrent Cleanup for Next Mark
[2023-07-01T13:36:58.614+0800][1.953s] GC(7) Concurrent Cleanup for Next Mark 0.215ms
[2023-07-01T13:36:58.614+0800][1.953s] GC(7) Concurrent Mark Cycle 11.540ms
[2023-07-01T13:55:09.773+0800][1093.076s] Heap
[2023-07-01T13:55:09.774+0800][1093.077s]  garbage-first heap   total 524288K, used 229764K [0x00000007e0000000, 0x0000000800000000)
[2023-07-01T13:55:09.774+0800][1093.077s]   region size 1024K, 197 young (201728K), 13 survivors (13312K)
[2023-07-01T13:55:09.774+0800][1093.077s]  Metaspace       used 56767K, committed 57344K, reserved 1114112K
[2023-07-01T13:55:09.774+0800][1093.077s]   class space    used 6542K, committed 6784K, reserved 1048576K
